--------------- Ox at 23:37:49 on 29-May-2025 ---------------

Ox 9.10 (Windows_64/Parallel) (C) J.A. Doornik, 1994-2023 (oxlang.dev)
******************************************
------------------------------------------
	Configuracao de variaveis
------------------------------------------

REGIOES
	Quantidade de lags: 8
	Quantidade de Regioes: 110
	Quantidade de Variaveis Dependente: 3
Variaveis Dependentes:
[0] = ETANOL_HIDRATADO
[1] = OLEO_DIESEL
[2] = GASOLINA_COMUM

DATABASE
	Macrovariaveis: ../export/database for ox/db_oil_withSesonal.in7
	Regioes: ../export/database for ox/db_oil_withSesonal.in7
	Database Star: ../export/database for ox/db_oil_withSesonal_Star.in7

DIRETORIOS
	W Matrix Dir: ./mat_files/W_mat/
	Cointeration Matrix Dir: ./mat_files/Cointegration/
	Raw Matrix Dir: ./mat_files/RawMatrix/
	A Matrix Dir: ./mat_files/A_Matrix/
	G Matrix Dir: ./mat_files/G_Matrix/
	Result Matrix Dir: ./mat_files/Result_Matrix/

WEIGHT MATRIX
	Matrix de Pesos: ./mat_files/W_mat/All/PIB_PC_1.mat

Configuracoes
	is_IIS_ON: 0
	IIS_pvalue: 1e-06
	is_DUMMY_ON: 1
	type_DUMMY: U
******************************************
Script responsavel pela estimacao do modelo da regiao dominante
GVAR Passo 2 Inicializado
>>> Inicio da estimacao do modelo de macrovariaveis


*****************************************
             Macrovariaveis 
*****************************************

Carregando dados das variaveis exogenas
Carregando base de dados com informacoes regionais
Construindo variaveis X
Concluido construcao das variaveis X
Construindo influencia das variaveis
Salvando matriz W_w para ser utilizada depois
Inicio um nomo objeto do tipo PcGive referente a macrovariaveis
PcGive package version 16.10, object created on 29-05-2025
(C) Jurgen A Doornik - requires a licensed version of PcGive Professional
Carregando base de dados de macrovariaveis
Iniciando construcao da variavel Delta para variaveis
Adicionado Diff da variavel: brent
Adicionado Diff da variavel: lnCambio
Adicionando variavel mX
Adicionando variavel D_mX 
Adicionando variavel betaMacro
	Adicionado: CSeasonal U
Model Sample: 2005-04-24 - 2018-12-30
Processo IIS desligado para esta regiao

SYS( 1) Estimating the system by OLS
        The dataset is: ../export/database for ox/db_oil_withSesonal.in7
        The estimation sample is: 2005-04-24 - 2018-12-30

URF equation for: D_brent
                  Coefficient  Std.Error  t-value  t-prob
D_brent_1            0.278216    0.04115     6.76  0.0000
D_brent_2          -0.0956966    0.04253    -2.25  0.0248
D_brent_3            0.143904    0.04278     3.36  0.0008
D_brent_4          -0.0727704    0.04302    -1.69  0.0912
D_brent_5            0.114216    0.04295     2.66  0.0080
D_brent_6          0.00598211    0.04309    0.139  0.8896
D_brent_7         0.000434449    0.04287   0.0101  0.9919
D_brent_8           0.0593133    0.04190     1.42  0.1574
D_lnCambio_1        0.0397835    0.08598    0.463  0.6437
D_lnCambio_2        -0.153552    0.08640    -1.78  0.0760
D_lnCambio_3        0.0495786    0.08667    0.572  0.5675
D_lnCambio_4       -0.0702711    0.08651   -0.812  0.4169
D_lnCambio_5         0.182496    0.08645     2.11  0.0352
D_lnCambio_6       -0.0730052    0.08642   -0.845  0.3985
D_lnCambio_7        0.0735199    0.08615    0.853  0.3938
D_lnCambio_8        -0.178040    0.08542    -2.08  0.0375
betaMacro_1        -0.0169124   0.005676    -2.98  0.0030
Constant      U     0.0840123    0.02813     2.99  0.0029
CSeasonal     U    0.00555404    0.01378    0.403  0.6870
CSeasonal_1   U   -0.00506528    0.01374   -0.369  0.7124
CSeasonal_2   U    0.00378852    0.01356    0.279  0.7800
CSeasonal_3   U   -0.00855798    0.01345   -0.636  0.5247
CSeasonal_4   U  -0.000291074    0.01350  -0.0216  0.9828
CSeasonal_5   U    -0.0176077    0.01350    -1.30  0.1928
CSeasonal_6   U    0.00699807    0.01352    0.517  0.6050
CSeasonal_7   U    0.00107672    0.01341   0.0803  0.9360
CSeasonal_8   U  -0.000121015    0.01347 -0.00898  0.9928
CSeasonal_9   U   -0.00769882    0.01344   -0.573  0.5669
CSeasonal_10  U    0.00323365    0.01349    0.240  0.8106
CSeasonal_11  U    -0.0166562    0.01346    -1.24  0.2162
CSeasonal_12  U   -0.00127157    0.01352  -0.0940  0.9251
CSeasonal_13  U   -0.00259296    0.01349   -0.192  0.8476
CSeasonal_14  U   -0.00691937    0.01351   -0.512  0.6087
CSeasonal_15  U   -0.00193393    0.01346   -0.144  0.8858
CSeasonal_16  U   -0.00508215    0.01355   -0.375  0.7077
CSeasonal_17  U   -0.00478939    0.01351   -0.354  0.7232
CSeasonal_18  U    -0.0242594    0.01349    -1.80  0.0727
CSeasonal_19  U    0.00833370    0.01351    0.617  0.5375
CSeasonal_20  U   -0.00673067    0.01346   -0.500  0.6171
CSeasonal_21  U   -0.00943412    0.01355   -0.696  0.4866
CSeasonal_22  U  -0.000817472    0.01350  -0.0606  0.9517
CSeasonal_23  U   -0.00779089    0.01351   -0.577  0.5644
CSeasonal_24  U   -0.00699744    0.01345   -0.520  0.6032
CSeasonal_25  U    -0.0185457    0.01353    -1.37  0.1708
CSeasonal_26  U    0.00275521    0.01354    0.203  0.8389
CSeasonal_27  U     0.0101600    0.01343    0.757  0.4495
CSeasonal_28  U    -0.0134730    0.01365   -0.987  0.3239
CSeasonal_29  U    -0.0136132    0.01364   -0.998  0.3188
CSeasonal_30  U   -0.00344533    0.01364   -0.253  0.8006
CSeasonal_31  U    -0.0222912    0.01362    -1.64  0.1022
CSeasonal_32  U   -0.00890513    0.01363   -0.653  0.5137
CSeasonal_33  U   -0.00828135    0.01367   -0.606  0.5447
CSeasonal_34  U   -0.00228743    0.01362   -0.168  0.8667
CSeasonal_35  U    -0.0156273    0.01364    -1.15  0.2523
CSeasonal_36  U    -0.0158853    0.01361    -1.17  0.2436
CSeasonal_37  U    -0.0104835    0.01354   -0.774  0.4390
CSeasonal_38  U    0.00666781    0.01355    0.492  0.6227
CSeasonal_39  U   -0.00195303    0.01361   -0.144  0.8859
CSeasonal_40  U    -0.0157704    0.01365    -1.16  0.2485
CSeasonal_41  U    -0.0179453    0.01385    -1.30  0.1955
CSeasonal_42  U   -0.00158513    0.01384   -0.115  0.9088
CSeasonal_43  U    0.00861841    0.01381    0.624  0.5328
CSeasonal_44  U    0.00860593    0.01386    0.621  0.5350
CSeasonal_45  U   -0.00663400    0.01385   -0.479  0.6322
CSeasonal_46  U     0.0206160    0.01378     1.50  0.1352
CSeasonal_47  U   -0.00857540    0.01377   -0.623  0.5336
CSeasonal_48  U    0.00696465    0.01382    0.504  0.6144
CSeasonal_49  U    -0.0112610    0.01372   -0.821  0.4122
CSeasonal_50  U    0.00500088    0.01374    0.364  0.7160

sigma = 0.0346521   RSS = 0.7756958013

URF equation for: D_lnCambio
                  Coefficient  Std.Error  t-value  t-prob
D_brent_1          -0.0477228    0.01984    -2.40  0.0165
D_brent_2           0.0445584    0.02051     2.17  0.0302
D_brent_3          -0.0334350    0.02063    -1.62  0.1056
D_brent_4         -0.00444247    0.02074   -0.214  0.8305
D_brent_5          -0.0400476    0.02071    -1.93  0.0536
D_brent_6         -0.00390482    0.02078   -0.188  0.8510
D_brent_7          -0.0148768    0.02067   -0.720  0.4720
D_brent_8          -0.0347846    0.02021    -1.72  0.0857
D_lnCambio_1         0.110946    0.04146     2.68  0.0076
D_lnCambio_2        0.0543230    0.04167     1.30  0.1928
D_lnCambio_3        0.0416241    0.04180    0.996  0.3197
D_lnCambio_4       -0.0375505    0.04172   -0.900  0.3684
D_lnCambio_5       -0.0209297    0.04169   -0.502  0.6158
D_lnCambio_6        0.0267233    0.04168    0.641  0.5216
D_lnCambio_7       -0.0558687    0.04155    -1.34  0.1792
D_lnCambio_8        0.0525300    0.04119     1.28  0.2027
betaMacro_1        0.00704465   0.002737     2.57  0.0103
Constant      U    -0.0344773    0.01357    -2.54  0.0113
CSeasonal     U   0.000694732   0.006645    0.105  0.9168
CSeasonal_1   U   -0.00120309   0.006624   -0.182  0.8559
CSeasonal_2   U    0.00972879   0.006538     1.49  0.1372
CSeasonal_3   U    0.00445136   0.006485    0.686  0.4927
CSeasonal_4   U    0.00734354   0.006511     1.13  0.2598
CSeasonal_5   U     0.0112881   0.006513     1.73  0.0835
CSeasonal_6   U    0.00812363   0.006522     1.25  0.2134
CSeasonal_7   U     0.0117087   0.006468     1.81  0.0707
CSeasonal_8   U    0.00660112   0.006496     1.02  0.3099
CSeasonal_9   U     0.0101531   0.006481     1.57  0.1177
CSeasonal_10  U   -0.00192493   0.006505   -0.296  0.7674
CSeasonal_11  U    0.00674378   0.006489     1.04  0.2991
CSeasonal_12  U    0.00259664   0.006520    0.398  0.6906
CSeasonal_13  U    0.00413472   0.006505    0.636  0.5252
CSeasonal_14  U    0.00895358   0.006515     1.37  0.1698
CSeasonal_15  U   0.000829031   0.006492    0.128  0.8984
CSeasonal_16  U    0.00104828   0.006535    0.160  0.8726
CSeasonal_17  U    0.00808885   0.006518     1.24  0.2150
CSeasonal_18  U     0.0174078   0.006508     2.67  0.0077
CSeasonal_19  U    0.00302027   0.006515    0.464  0.6431
CSeasonal_20  U     0.0107205   0.006489     1.65  0.0990
CSeasonal_21  U    0.00756943   0.006535     1.16  0.2472
CSeasonal_22  U     0.0113573   0.006510     1.74  0.0815
CSeasonal_23  U    0.00658335   0.006516     1.01  0.3127
CSeasonal_24  U    0.00953399   0.006488     1.47  0.1422
CSeasonal_25  U    0.00990656   0.006523     1.52  0.1294
CSeasonal_26  U    0.00928520   0.006532     1.42  0.1556
CSeasonal_27  U    -0.0128476   0.006474    -1.98  0.0476
CSeasonal_28  U     0.0105323   0.006581     1.60  0.1100
CSeasonal_29  U   0.000350097   0.006580   0.0532  0.9576
CSeasonal_30  U    0.00284440   0.006576    0.433  0.6655
CSeasonal_31  U     0.0162218   0.006568     2.47  0.0138
CSeasonal_32  U     0.0166308   0.006573     2.53  0.0116
CSeasonal_33  U     0.0100767   0.006590     1.53  0.1267
CSeasonal_34  U  -0.000857067   0.006569   -0.130  0.8962
CSeasonal_35  U     0.0145695   0.006577     2.22  0.0271
CSeasonal_36  U    0.00693984   0.006564     1.06  0.2908
CSeasonal_37  U    0.00841108   0.006529     1.29  0.1981
CSeasonal_38  U   0.000278601   0.006532   0.0426  0.9660
CSeasonal_39  U   -0.00268301   0.006563   -0.409  0.6828
CSeasonal_40  U    0.00763017   0.006585     1.16  0.2470
CSeasonal_41  U   0.000774495   0.006679    0.116  0.9077
CSeasonal_42  U    0.00487593   0.006674    0.731  0.4653
CSeasonal_43  U    0.00108836   0.006661    0.163  0.8703
CSeasonal_44  U    0.00192173   0.006686    0.287  0.7739
CSeasonal_45  U    0.00881374   0.006681     1.32  0.1876
CSeasonal_46  U    0.00454321   0.006647    0.684  0.4945
CSeasonal_47  U    0.00734625   0.006639     1.11  0.2689
CSeasonal_48  U    0.00333371   0.006664    0.500  0.6170
CSeasonal_49  U     0.0110527   0.006618     1.67  0.0954
CSeasonal_50  U     0.0118549   0.006625     1.79  0.0740

sigma = 0.0167115   RSS = 0.1804104704

log-likelihood     3408.88353  -T/2log|Omega|     5437.96564
|Omega|        2.47688807e-07  log|Y'Y/T|        -15.0335039
R^2(LR)              0.162713  R^2(LM)             0.0833664
no. of observations       715  no. of parameters         138

F-test on regressors except unrestricted: F(34,1290) = 3.52306 [0.0000] **
F-tests on retained regressors, F(2,645) =
   D_brent_1       22.8805 [0.000]**   D_brent_2       3.73401 [0.024]* 
   D_brent_3       5.83581 [0.003]**   D_brent_4       1.72767 [0.179]  
   D_brent_5       4.21442 [0.015]*    D_brent_6     0.0212382 [0.979]  
   D_brent_7      0.283299 [0.753]     D_brent_8       1.91093 [0.149]  
D_lnCambio_1       4.48982 [0.012]* D_lnCambio_2       1.89162 [0.152]  
D_lnCambio_3      0.921663 [0.398]  D_lnCambio_4       1.05987 [0.347]  
D_lnCambio_5       2.23707 [0.108]  D_lnCambio_6      0.436229 [0.647]  
D_lnCambio_7       1.00885 [0.365]  D_lnCambio_8       2.38930 [0.093]  
 betaMacro_1       5.94288 [0.003]**    Constant U     5.90150 [0.003]**
   CSeasonal U    0.110035 [0.896]   CSeasonal_1 U    0.116038 [0.890]  
 CSeasonal_2 U     1.40655 [0.246]   CSeasonal_3 U    0.334702 [0.716]  
 CSeasonal_4 U    0.693749 [0.500]   CSeasonal_5 U     1.82604 [0.162]  
 CSeasonal_6 U     1.22310 [0.295]   CSeasonal_7 U     1.86082 [0.156]  
 CSeasonal_8 U    0.566712 [0.568]   CSeasonal_9 U     1.22969 [0.293]  
CSeasonal_10 U   0.0558796 [0.946]  CSeasonal_11 U     1.00341 [0.367]  
CSeasonal_12 U   0.0796289 [0.923]  CSeasonal_13 U    0.201721 [0.817]  
CSeasonal_14 U    0.947134 [0.388]  CSeasonal_15 U   0.0141393 [0.986]  
CSeasonal_16 U   0.0713269 [0.931]  CSeasonal_17 U    0.769408 [0.464]  
CSeasonal_18 U     4.09361 [0.017]* CSeasonal_19 U    0.425957 [0.653]  
CSeasonal_20 U     1.36260 [0.257]  CSeasonal_21 U    0.733037 [0.481]  
CSeasonal_22 U     1.64521 [0.194]  CSeasonal_23 U    0.548242 [0.578]  
CSeasonal_24 U     1.08040 [0.340]  CSeasonal_25 U     1.60073 [0.203]  
CSeasonal_26 U     1.23628 [0.291]  CSeasonal_27 U     1.97732 [0.139]  
CSeasonal_28 U     1.41294 [0.244]  CSeasonal_29 U    0.532787 [0.587]  
CSeasonal_30 U    0.101236 [0.904]  CSeasonal_31 U     3.46722 [0.032]* 
CSeasonal_32 U     3.20487 [0.041]* CSeasonal_33 U     1.17715 [0.309]  
CSeasonal_34 U   0.0324148 [0.968]  CSeasonal_35 U     2.56779 [0.077]  
CSeasonal_36 U    0.948104 [0.388]  CSeasonal_37 U    0.907015 [0.404]  
CSeasonal_38 U    0.141850 [0.868]  CSeasonal_39 U    0.123559 [0.884]  
CSeasonal_40 U     1.02133 [0.361]  CSeasonal_41 U    0.882723 [0.414]  
CSeasonal_42 U    0.273234 [0.761]  CSeasonal_43 U    0.264283 [0.768]  
CSeasonal_44 U    0.318895 [0.727]  CSeasonal_45 U    0.871656 [0.419]  
CSeasonal_46 U     1.84046 [0.160]  CSeasonal_47 U    0.654961 [0.520]  
CSeasonal_48 U    0.364127 [0.695]  CSeasonal_49 U     1.44401 [0.237]  
CSeasonal_50 U     2.06127 [0.128]  

correlation of URF residuals (standard deviations on diagonal)
                   D_brent   D_lnCambio
D_brent           0.034652     -0.30850
D_lnCambio        -0.30850     0.016711
correlation between actual and fitted
      D_brent   D_lnCambio
      0.43127      0.42059

Single equation statistics
                   mean(Y)        se(Y)        sigma          R^2
D_brent         5.4909e-05     0.036533     0.034652      0.18600
D_lnCambio      0.00055022     0.017521     0.016711      0.17689

Single-equation diagnostics using reduced-form residuals:
                               AR 1-7            ARCH 1-7           Normality              Hetero   
D_brent                 0.45 [0.8737]      12.52 [0.0000]**    47.19 [0.0000]**     4.02 [0.0000]** 
D_lnCambio              1.35 [0.2219]      21.77 [0.0000]**   108.34 [0.0000]**     3.13 [0.0000]** 

Vector AR 1-7 test:      F(28,1262)=   1.3832 [0.0886]  
Vector Normality test:   Chi^2(4)  =   171.14 [0.0000]**
Vector Hetero test:      F(255,1881)=   3.2718 [0.0000]**
Vector RESET23 test:     F(8,1282) =   6.2820 [0.0000]**
Processo H iniciado
Processo U iniciado
Processo U finalizado
Processo Extracao da matriz de saturacao (IIS)
Processo AlphaBeta iniciado
Processo B iniciado
*** Fim da estimacao dos modelos de macrovariaveis *** 
OMP: Warning #227: Cannot determine machine load balance - Using KMP_DYNAMIC_MODE=thread limit
