--------------- Ox at 09:58:43 on 03-Jun-2025 ---------------

Ox 9.10 (Windows_64/Parallel) (C) J.A. Doornik, 1994-2023 (oxlang.dev)
******************************************
------------------------------------------
	Configuracao de variaveis
------------------------------------------

REGIOES
	Quantidade de lags: 8
	Quantidade de Regioes: 110
	Quantidade de Variaveis Dependente: 3
Variaveis Dependentes:
[0] = ETANOL_HIDRATADO
[1] = OLEO_DIESEL
[2] = GASOLINA_COMUM

DATABASE
	Macrovariaveis: ../export/database for ox/db_oil_withSesonal.in7
	Regioes: ../export/database for ox/db_oil_withSesonal.in7
	Database Star: ../export/database for ox/db_oil_withSesonal_Star.in7

DIRETORIOS
	W Matrix Dir: ./mat_files/W_mat/
	Cointeration Matrix Dir: ./mat_files/Cointegration/
	Raw Matrix Dir: ./mat_files/RawMatrix/
	A Matrix Dir: ./mat_files/A_Matrix/
	G Matrix Dir: ./mat_files/G_Matrix/
	Result Matrix Dir: ./mat_files/Result_Matrix/

WEIGHT MATRIX
	Matrix de Pesos: ./mat_files/W_mat/All/PIB_PC_1.mat

Configuracoes
	is_IIS_ON: 1
	IIS_pvalue: 0.0001
	is_DUMMY_ON: 1
	type_DUMMY: U
******************************************
Script responsavel pela estimacao do modelo da regiao dominante
GVAR Passo 2 Inicializado
>>> Inicio da estimacao do modelo de macrovariaveis


*****************************************
             Macrovariaveis 
*****************************************

Carregando dados das variaveis exogenas
Carregando base de dados com informacoes regionais
Construindo variaveis X
Concluido construcao das variaveis X
Construindo influencia das variaveis
Salvando matriz W_w para ser utilizada depois
Inicio um nomo objeto do tipo PcGive referente a macrovariaveis
PcGive package version 16.10, object created on  3-06-2025
(C) Jurgen A Doornik - requires a licensed version of PcGive Professional
Carregando base de dados de macrovariaveis
Iniciando construcao da variavel Delta para variaveis
Adicionado Diff da variavel: brent
Adicionado Diff da variavel: lnCambio
Adicionando variavel mX
Adicionando variavel D_mX 
Adicionando variavel betaMacro
	Adicionado: CSeasonal U
Model Sample: 2005-04-24 - 2018-12-30

Autometrics identification block search over regressors
no. initial regressors    732  no. of observations       715
significance level     0.0001  block method         standard
extension effort     standard  reduction effort     standard
block backtesting        GUM0  used in blocks      A,B,C1,D1

Free variables in the GUM:
 D_brent_1 ... D_brent_8 D_lnCambio_1 ... D_lnCambio_8 betaMacro_1 II#2005-04-24 II#2005-05-01 II#2005-05-08
 II#2005-05-15 II#2005-05-22 II#2005-05-29 II#2005-06-05 II#2005-06-12 II#2005-06-19 II#2005-06-26 II#2005-07-03
 II#2005-07-10 II#2005-07-17 II#2005-07-24 II#2005-07-31 II#2005-08-07 II#2005-08-14 II#2005-08-21 II#2005-08-28
 II#2005-09-04 II#2005-09-11 II#2005-09-18 II#2005-09-25 II#2005-10-02 II#2005-10-09 II#2005-10-16 II#2005-10-23
 II#2005-10-30 II#2005-11-06 II#2005-11-13 II#2005-11-20 II#2005-11-27 II#2005-12-04 II#2005-12-11 II#2005-12-18
 II#2005-12-25 II#2006-01-01 II#2006-01-08 II#2006-01-15 II#2006-01-22 II#2006-01-29 II#2006-02-05 II#2006-02-12
 II#2006-02-19 II#2006-02-26 II#2006-03-05 II#2006-03-12 II#2006-03-19 II#2006-03-26 II#2006-04-02 II#2006-04-09
 II#2006-04-16 II#2006-04-23 II#2006-04-30 II#2006-05-07 II#2006-05-14 II#2006-05-21 II#2006-05-28 II#2006-06-04
 II#2006-06-11 II#2006-06-18 II#2006-06-25 II#2006-07-02 II#2006-07-09 II#2006-07-16 II#2006-07-23 II#2006-07-30
 II#2006-08-06 II#2006-08-13 II#2006-08-20 II#2006-08-27 II#2006-09-03 II#2006-09-10 II#2006-09-17 II#2006-09-24
 II#2006-10-01 II#2006-10-08 II#2006-10-15 II#2006-10-22 II#2006-10-29 II#2006-11-05 II#2006-11-12 II#2006-11-19
 II#2006-11-26 II#2006-12-03 II#2006-12-10 II#2006-12-17 II#2006-12-24 II#2006-12-31 II#2007-01-07 II#2007-01-14
 II#2007-01-21 II#2007-01-28 II#2007-02-04 II#2007-02-11 II#2007-02-18 II#2007-02-25 II#2007-03-04 II#2007-03-11
 II#2007-03-18 II#2007-03-25 II#2007-04-01 II#2007-04-08 II#2007-04-15 II#2007-04-22 II#2007-04-29 II#2007-05-06
 II#2007-05-13 II#2007-05-20 II#2007-05-27 II#2007-06-03 II#2007-06-10 II#2007-06-17 II#2007-06-24 II#2007-07-01
 II#2007-07-08 II#2007-07-15 II#2007-07-22 II#2007-07-29 II#2007-08-05 II#2007-08-12 II#2007-08-19 II#2007-08-26
 II#2007-09-02 II#2007-09-09 II#2007-09-16 II#2007-09-23 II#2007-09-30 II#2007-10-07 II#2007-10-14 II#2007-10-21
 II#2007-10-28 II#2007-11-04 II#2007-11-11 II#2007-11-18 II#2007-11-25 II#2007-12-02 II#2007-12-09 II#2007-12-16
 II#2007-12-23 II#2007-12-30 II#2008-01-06 II#2008-01-13 II#2008-01-20 II#2008-01-27 II#2008-02-03 II#2008-02-10
 II#2008-02-17 II#2008-02-24 II#2008-03-02 II#2008-03-09 II#2008-03-16 II#2008-03-23 II#2008-03-30 II#2008-04-06
 II#2008-04-13 II#2008-04-20 II#2008-04-27 II#2008-05-04 II#2008-05-11 II#2008-05-18 II#2008-05-25 II#2008-06-01
 II#2008-06-08 II#2008-06-15 II#2008-06-22 II#2008-06-29 II#2008-07-06 II#2008-07-13 II#2008-07-20 II#2008-07-27
 II#2008-08-03 II#2008-08-10 II#2008-08-17 II#2008-08-24 II#2008-08-31 II#2008-09-07 II#2008-09-14 II#2008-09-21
 II#2008-09-28 II#2008-10-05 II#2008-10-12 II#2008-10-19 II#2008-10-26 II#2008-11-02 II#2008-11-09 II#2008-11-16
 II#2008-11-23 II#2008-11-30 II#2008-12-07 II#2008-12-14 II#2008-12-21 II#2008-12-28 II#2009-01-04 II#2009-01-11
 II#2009-01-18 II#2009-01-25 II#2009-02-01 II#2009-02-08 II#2009-02-15 II#2009-02-22 II#2009-03-01 II#2009-03-08
 II#2009-03-15 II#2009-03-22 II#2009-03-29 II#2009-04-05 II#2009-04-12 II#2009-04-19 II#2009-04-26 II#2009-05-03
 II#2009-05-10 II#2009-05-17 II#2009-05-24 II#2009-05-31 II#2009-06-07 II#2009-06-14 II#2009-06-21 II#2009-06-28
 II#2009-07-05 II#2009-07-12 II#2009-07-19 II#2009-07-26 II#2009-08-02 II#2009-08-09 II#2009-08-16 II#2009-08-23
 II#2009-08-30 II#2009-09-06 II#2009-09-13 II#2009-09-20 II#2009-09-27 II#2009-10-04 II#2009-10-11 II#2009-10-18
 II#2009-10-25 II#2009-11-01 II#2009-11-08 II#2009-11-15 II#2009-11-22 II#2009-11-29 II#2009-12-06 II#2009-12-13
 II#2009-12-20 II#2009-12-27 II#2010-01-03 II#2010-01-10 II#2010-01-17 II#2010-01-24 II#2010-01-31 II#2010-02-07
 II#2010-02-14 II#2010-02-21 II#2010-02-28 II#2010-03-07 II#2010-03-14 II#2010-03-21 II#2010-03-28 II#2010-04-04
 II#2010-04-11 II#2010-04-18 II#2010-04-25 II#2010-05-02 II#2010-05-09 II#2010-05-16 II#2010-05-23 II#2010-05-30
 II#2010-06-06 II#2010-06-13 II#2010-06-20 II#2010-06-27 II#2010-07-04 II#2010-07-11 II#2010-07-18 II#2010-07-25
 II#2010-08-01 II#2010-08-08 II#2010-08-15 II#2010-08-22 II#2010-08-29 II#2010-09-05 II#2010-09-12 II#2010-09-19
 II#2010-09-26 II#2010-10-03 II#2010-10-10 II#2010-10-17 II#2010-10-24 II#2010-10-31 II#2010-11-07 II#2010-11-14
 II#2010-11-21 II#2010-11-28 II#2010-12-05 II#2010-12-12 II#2010-12-19 II#2010-12-26 II#2011-01-02 II#2011-01-09
 II#2011-01-16 II#2011-01-23 II#2011-01-30 II#2011-02-06 II#2011-02-13 II#2011-02-20 II#2011-02-27 II#2011-03-06
 II#2011-03-13 II#2011-03-20 II#2011-03-27 II#2011-04-03 II#2011-04-10 II#2011-04-17 II#2011-04-24 II#2011-05-01
 II#2011-05-08 II#2011-05-15 II#2011-05-22 II#2011-05-29 II#2011-06-05 II#2011-06-12 II#2011-06-19 II#2011-06-26
 II#2011-07-03 II#2011-07-10 II#2011-07-17 II#2011-07-24 II#2011-07-31 II#2011-08-07 II#2011-08-14 II#2011-08-21
 II#2011-08-28 II#2011-09-04 II#2011-09-11 II#2011-09-18 II#2011-09-25 II#2011-10-02 II#2011-10-09 II#2011-10-16
 II#2011-10-23 II#2011-10-30 II#2011-11-06 II#2011-11-13 II#2011-11-20 II#2011-11-27 II#2011-12-04 II#2011-12-11
 II#2011-12-18 II#2011-12-25 II#2012-01-01 II#2012-01-08 II#2012-01-15 II#2012-01-22 II#2012-01-29 II#2012-02-05
 II#2012-02-12 II#2012-02-19 II#2012-02-26 II#2012-03-04 II#2012-03-11 II#2012-03-18 II#2012-03-25 II#2012-04-01
 II#2012-04-08 II#2012-04-15 II#2012-04-22 II#2012-04-29 II#2012-05-06 II#2012-05-13 II#2012-05-20 II#2012-05-27
 II#2012-06-03 II#2012-06-10 II#2012-06-17 II#2012-06-24 II#2012-07-01 II#2012-07-08 II#2012-07-15 II#2012-07-22
 II#2012-07-29 II#2012-08-05 II#2012-08-12 II#2012-08-19 II#2012-08-26 II#2012-09-02 II#2012-09-09 II#2012-09-16
 II#2012-09-23 II#2012-09-30 II#2012-10-07 II#2012-10-14 II#2012-10-21 II#2012-10-28 II#2012-11-04 II#2012-11-11
 II#2012-11-18 II#2012-11-25 II#2012-12-02 II#2012-12-09 II#2012-12-16 II#2012-12-23 II#2012-12-30 II#2013-01-06
 II#2013-01-13 II#2013-01-20 II#2013-01-27 II#2013-02-03 II#2013-02-10 II#2013-02-17 II#2013-02-24 II#2013-03-03
 II#2013-03-10 II#2013-03-17 II#2013-03-24 II#2013-03-31 II#2013-04-07 II#2013-04-14 II#2013-04-21 II#2013-04-28
 II#2013-05-05 II#2013-05-12 II#2013-05-19 II#2013-05-26 II#2013-06-02 II#2013-06-09 II#2013-06-16 II#2013-06-23
 II#2013-06-30 II#2013-07-07 II#2013-07-14 II#2013-07-21 II#2013-07-28 II#2013-08-04 II#2013-08-11 II#2013-08-18
 II#2013-08-25 II#2013-09-01 II#2013-09-08 II#2013-09-15 II#2013-09-22 II#2013-09-29 II#2013-10-06 II#2013-10-13
 II#2013-10-20 II#2013-10-27 II#2013-11-03 II#2013-11-10 II#2013-11-17 II#2013-11-24 II#2013-12-01 II#2013-12-08
 II#2013-12-15 II#2013-12-22 II#2013-12-29 II#2014-01-05 II#2014-01-12 II#2014-01-19 II#2014-01-26 II#2014-02-02
 II#2014-02-09 II#2014-02-16 II#2014-02-23 II#2014-03-02 II#2014-03-09 II#2014-03-16 II#2014-03-23 II#2014-03-30
 II#2014-04-06 II#2014-04-13 II#2014-04-20 II#2014-04-27 II#2014-05-04 II#2014-05-11 II#2014-05-18 II#2014-05-25
 II#2014-06-01 II#2014-06-08 II#2014-06-15 II#2014-06-22 II#2014-06-29 II#2014-07-06 II#2014-07-13 II#2014-07-20
 II#2014-07-27 II#2014-08-03 II#2014-08-10 II#2014-08-17 II#2014-08-24 II#2014-08-31 II#2014-09-07 II#2014-09-14
 II#2014-09-21 II#2014-09-28 II#2014-10-05 II#2014-10-12 II#2014-10-19 II#2014-10-26 II#2014-11-02 II#2014-11-09
 II#2014-11-16 II#2014-11-23 II#2014-11-30 II#2014-12-07 II#2014-12-14 II#2014-12-21 II#2014-12-28 II#2015-01-04
 II#2015-01-11 II#2015-01-18 II#2015-01-25 II#2015-02-01 II#2015-02-08 II#2015-02-15 II#2015-02-22 II#2015-03-01
 II#2015-03-08 II#2015-03-15 II#2015-03-22 II#2015-03-29 II#2015-04-05 II#2015-04-12 II#2015-04-19 II#2015-04-26
 II#2015-05-03 II#2015-05-10 II#2015-05-17 II#2015-05-24 II#2015-05-31 II#2015-06-07 II#2015-06-14 II#2015-06-21
 II#2015-06-28 II#2015-07-05 II#2015-07-12 II#2015-07-19 II#2015-07-26 II#2015-08-02 II#2015-08-09 II#2015-08-16
 II#2015-08-23 II#2015-08-30 II#2015-09-06 II#2015-09-13 II#2015-09-20 II#2015-09-27 II#2015-10-04 II#2015-10-11
 II#2015-10-18 II#2015-10-25 II#2015-11-01 II#2015-11-08 II#2015-11-15 II#2015-11-22 II#2015-11-29 II#2015-12-06
 II#2015-12-13 II#2015-12-20 II#2015-12-27 II#2016-01-03 II#2016-01-10 II#2016-01-17 II#2016-01-24 II#2016-01-31
 II#2016-02-07 II#2016-02-14 II#2016-02-21 II#2016-02-28 II#2016-03-06 II#2016-03-13 II#2016-03-20 II#2016-03-27
 II#2016-04-03 II#2016-04-10 II#2016-04-17 II#2016-04-24 II#2016-05-01 II#2016-05-08 II#2016-05-15 II#2016-05-22
 II#2016-05-29 II#2016-06-05 II#2016-06-12 II#2016-06-19 II#2016-06-26 II#2016-07-03 II#2016-07-10 II#2016-07-17
 II#2016-07-24 II#2016-07-31 II#2016-08-07 II#2016-08-14 II#2016-08-21 II#2016-08-28 II#2016-09-04 II#2016-09-11
 II#2016-09-18 II#2016-09-25 II#2016-10-02 II#2016-10-09 II#2016-10-16 II#2016-10-23 II#2016-10-30 II#2016-11-06
 II#2016-11-13 II#2016-11-20 II#2016-11-27 II#2016-12-04 II#2016-12-11 II#2016-12-18 II#2016-12-25 II#2017-01-01
 II#2017-01-08 II#2017-01-15 II#2017-01-22 II#2017-01-29 II#2017-02-05 II#2017-02-12 II#2017-02-19 II#2017-02-26
 II#2017-03-05 II#2017-03-12 II#2017-03-19 II#2017-03-26 II#2017-04-02 II#2017-04-09 II#2017-04-16 II#2017-04-23
 II#2017-04-30 II#2017-05-07 II#2017-05-14 II#2017-05-21 II#2017-05-28 II#2017-06-04 II#2017-06-11 II#2017-06-18
 II#2017-06-25 II#2017-07-02 II#2017-07-09 II#2017-07-16 II#2017-07-23 II#2017-07-30 II#2017-08-06 II#2017-08-13
 II#2017-08-20 II#2017-08-27 II#2017-09-03 II#2017-09-10 II#2017-09-17 II#2017-09-24 II#2017-10-01 II#2017-10-08
 II#2017-10-15 II#2017-10-22 II#2017-10-29 II#2017-11-05 II#2017-11-12 II#2017-11-19 II#2017-11-26 II#2017-12-03
 II#2017-12-10 II#2017-12-17 II#2017-12-24 II#2017-12-31 II#2018-01-07 II#2018-01-14 II#2018-01-21 II#2018-01-28
 II#2018-02-04 II#2018-02-11 II#2018-02-18 II#2018-02-25 II#2018-03-04 II#2018-03-11 II#2018-03-18 II#2018-03-25
 II#2018-04-01 II#2018-04-08 II#2018-04-15 II#2018-04-22 II#2018-04-29 II#2018-05-06 II#2018-05-13 II#2018-05-20
 II#2018-05-27 II#2018-06-03 II#2018-06-10 II#2018-06-17 II#2018-06-24 II#2018-07-01 II#2018-07-08 II#2018-07-15
 II#2018-07-22 II#2018-07-29 II#2018-08-05 II#2018-08-12 II#2018-08-19 II#2018-08-26 II#2018-09-02 II#2018-09-09
 II#2018-09-16 II#2018-09-23 II#2018-09-30 II#2018-10-07 II#2018-10-14 II#2018-10-21 II#2018-10-28 II#2018-11-04
 II#2018-11-11 II#2018-11-18 II#2018-11-25 II#2018-12-02 II#2018-12-09 II#2018-12-16 II#2018-12-23 II#2018-12-30

A. Step 1: block search for omitted regressors
   significance         0.0001  diagnostics             off
   no of blocks              6  blocked by         variable
   0(127):0 1(127):6 2(127):0 3(127):0 4(127):2 5(97):0  found: 8

A. Step 2: determination of new candidate set, target size=0.0001
   size=  8 #pars= 120 loglik=     3469.63 selected: 8

                     lag  sel count    sel run     in GUM
II#2008-09-28          0          1          1          1
II#2008-10-05          0          1          1          1
II#2008-10-12          0          1          1          1
II#2008-10-26          0          1          1          1
II#2008-11-30          0          1          1          1
II#2008-12-21          0          1          1          1
II#2015-02-01          0          1          1          1
II#2015-08-30          0          1          1          1


B. Step 1: block search for omitted regressors
   significance         0.0001  diagnostics         delayed
   no of blocks              6  blocked by         variable
OMP: Warning #227: Cannot determine machine load balance - Using KMP_DYNAMIC_MODE=thread limit
   0(135):2 1(135):0 2(135):0 3(135):0 4(135):7 5(97):0  found: 9

B. Step 2: determination of new candidate set, target size=0.0001
   size= 17 #pars= 138 loglik=     3555.35 selected: 17

B. Step 1: block search for omitted regressors
   significance         0.0001  diagnostics         delayed
   no of blocks              6  blocked by         variable
   0(144):0 1(144):14 2(144):0 3(144):0 4(144):0 5(97):0  found: 14

B. Step 2: determination of new candidate set, target size=0.0001
   size= 31 #pars= 160 loglik=     3607.91 selected: 28

B. Step 1: block search for omitted regressors
   significance         0.0001  diagnostics              on
   no of blocks              6  blocked by         variable
   0(155):0 1(155):0 2(155):11 3(155):7 4(155):4 5(97):4  found: 26

B. Step 2: determination of new candidate set, target size=0.0001
   size= 54 #pars= 166 loglik=     3627.31 selected: 31

B. Step 1: block search for omitted regressors
   significance         0.0001  diagnostics              on
   no of blocks              6  blocked by         variable
   0(158):0 1(158):0 2(158):0 3(158):0 4(158):0 5(97):0  found: 0

                     lag  sel count    sel run     in GUM
D_brent                1          4          4          1
D_lnCambio             1          4          4          1
II#2008-09-07          0          3          3          1
II#2008-09-14          0          3          3          1
II#2008-09-28          0          5          5          1
II#2008-10-05          0          5          5          1
II#2008-10-12          0          5          5          1
II#2008-10-19          0          3          3          1
II#2008-10-26          0          5          5          1
II#2008-11-23          0          3          3          1
II#2008-11-30          0          5          5          1
II#2008-12-21          0          5          5          1
II#2008-12-28          0          3          3          1
II#2009-01-11          0          3          3          1
II#2009-02-15          0          3          3          1
II#2009-02-22          0          3          3          1
II#2009-05-03          0          3          3          1
II#2009-08-02          0          1          0          0
II#2009-09-06          0          3          3          1
II#2015-01-04          0          2          2          1
II#2015-02-01          0          5          5          1
II#2015-03-08          0          4          4          1
II#2015-08-30          0          5          5          1
II#2015-09-20          0          4          4          1
II#2015-12-06          0          4          4          1
II#2016-01-10          0          4          4          1
II#2016-01-24          0          4          4          1
II#2016-02-07          0          2          2          1
II#2016-03-06          0          4          4          1
II#2016-08-14          0          4          4          1
II#2018-10-07          0          2          2          1
II#2018-12-30          0          2          2          1


C. Step 1: block search for omitted regressors
   significance         0.0002  diagnostics              on
   no of blocks              6  blocked by         variable
   0(158):0 1(158):0 2(158):0 3(158):0 4(158):0 5(97):0  found: 0

                     lag  sel count    sel run     in GUM
D_brent                1          5          5          1
D_lnCambio             1          5          5          1
II#2008-09-07          0          4          4          1
II#2008-09-14          0          4          4          1
II#2008-09-28          0          6          6          1
II#2008-10-05          0          6          6          1
II#2008-10-12          0          6          6          1
II#2008-10-19          0          4          4          1
II#2008-10-26          0          6          6          1
II#2008-11-23          0          4          4          1
II#2008-11-30          0          6          6          1
II#2008-12-21          0          6          6          1
II#2008-12-28          0          4          4          1
II#2009-01-11          0          4          4          1
II#2009-02-15          0          4          4          1
II#2009-02-22          0          4          4          1
II#2009-05-03          0          4          4          1
II#2009-08-02          0          1          0          0
II#2009-09-06          0          4          4          1
II#2015-01-04          0          3          3          1
II#2015-02-01          0          6          6          1
II#2015-03-08          0          5          5          1
II#2015-08-30          0          6          6          1
II#2015-09-20          0          5          5          1
II#2015-12-06          0          5          5          1
II#2016-01-10          0          5          5          1
II#2016-01-24          0          5          5          1
II#2016-02-07          0          3          3          1
II#2016-03-06          0          5          5          1
II#2016-08-14          0          5          5          1
II#2018-10-07          0          3          3          1
II#2018-12-30          0          3          3          1


Block search complete, estimated 34215 models in 32:18.18
- final selection size= 32 regs= 32 total=  84 loglik=     3631.02

GUM( 1) Estimating the system by OLS
        The dataset is: ../export/database for ox/db_oil_withSesonal.in7
        The estimation sample is: 2005-04-24 - 2018-12-30

URF equation for: D_brent
                  Coefficient  Std.Error  t-value  t-prob
D_brent_1            0.273212    0.03681     7.42  0.0000
D_lnCambio_1        0.0645433    0.08066    0.800  0.4239
II#2008-09-07      -0.0535789    0.03185    -1.68  0.0931
II#2008-09-14      -0.0375070    0.03180    -1.18  0.2386
II#2008-09-28       -0.124851    0.03183    -3.92  0.0001
II#2008-10-05       -0.121351    0.03206    -3.78  0.0002
II#2008-10-12       -0.129558    0.03321    -3.90  0.0001
II#2008-10-19      -0.0226238    0.03240   -0.698  0.4853
II#2008-10-26      -0.0344028    0.03182    -1.08  0.2800
II#2008-11-23       0.0714750    0.03169     2.26  0.0244
II#2008-11-30       -0.202198    0.03159    -6.40  0.0000
II#2008-12-21       -0.126653    0.03158    -4.01  0.0001
II#2008-12-28        0.129805    0.03183     4.08  0.0001
II#2009-01-11      -0.0589485    0.03190    -1.85  0.0651
II#2009-02-15      -0.0878609    0.03173    -2.77  0.0058
II#2009-02-22       0.0587273    0.03174     1.85  0.0648
II#2009-05-03       0.0922029    0.03149     2.93  0.0035
II#2009-08-02       0.0627998    0.03150     1.99  0.0467
II#2009-09-06       0.0349713    0.03180     1.10  0.2719
II#2015-01-04      -0.0897855    0.03175    -2.83  0.0048
II#2015-02-01        0.115871    0.03159     3.67  0.0003
II#2015-03-08      -0.0561319    0.03178    -1.77  0.0779
II#2015-08-30        0.130471    0.03178     4.10  0.0000
II#2015-09-20       0.0207167    0.03158    0.656  0.5121
II#2015-12-06      -0.0781199    0.03152    -2.48  0.0135
II#2016-01-10       -0.121391    0.03169    -3.83  0.0001
II#2016-01-24        0.117219    0.03164     3.70  0.0002
II#2016-02-07       -0.100512    0.03179    -3.16  0.0016
II#2016-03-06       0.0707088    0.03178     2.22  0.0265
II#2016-08-14       0.0874546    0.03159     2.77  0.0058
II#2018-10-07      -0.0286543    0.03161   -0.906  0.3651
II#2018-12-30       0.0856723    0.03181     2.69  0.0073
Constant      U   0.000662743   0.001163    0.570  0.5691
CSeasonal     U    0.00187347    0.01195    0.157  0.8755
CSeasonal_1   U   -0.00734426    0.01194   -0.615  0.5389
CSeasonal_2   U    0.00280232    0.01175    0.239  0.8116
CSeasonal_3   U   -0.00966055    0.01170   -0.826  0.4091
CSeasonal_4   U    -0.0117224    0.01193   -0.983  0.3262
CSeasonal_5   U    -0.0197349    0.01170    -1.69  0.0921
CSeasonal_6   U   5.13199e-05    0.01171  0.00438  0.9965
CSeasonal_7   U    0.00133292    0.01169    0.114  0.9093
CSeasonal_8   U   -0.00663250    0.01169   -0.567  0.5706
CSeasonal_9   U    -0.0101999    0.01169   -0.872  0.3834
CSeasonal_10  U   -0.00117739    0.01169   -0.101  0.9198
CSeasonal_11  U    -0.0206743    0.01174    -1.76  0.0786
CSeasonal_12  U   -0.00364262    0.01173   -0.311  0.7563
CSeasonal_13  U   -0.00626496    0.01172   -0.535  0.5931
CSeasonal_14  U    -0.0121686    0.01172    -1.04  0.2994
CSeasonal_15  U   -0.00637278    0.01170   -0.545  0.5862
CSeasonal_16  U   -0.00994819    0.01173   -0.848  0.3967
CSeasonal_17  U    -0.0151173    0.01195    -1.26  0.2065
CSeasonal_18  U    -0.0264024    0.01170    -2.26  0.0244
CSeasonal_19  U    0.00274381    0.01173    0.234  0.8151
CSeasonal_20  U    -0.0177604    0.01191    -1.49  0.1364
CSeasonal_21  U    -0.0168700    0.01169    -1.44  0.1496
CSeasonal_22  U    -0.0131487    0.01245    -1.06  0.2913
CSeasonal_23  U   -0.00990819    0.01191   -0.832  0.4056
CSeasonal_24  U    -0.0132803    0.01170    -1.13  0.2569
CSeasonal_25  U    -0.0141055    0.01218    -1.16  0.2471
CSeasonal_26  U    0.00186755    0.01194    0.156  0.8757
CSeasonal_27  U     0.0166183    0.01193     1.39  0.1640
CSeasonal_28  U    -0.0175401    0.01225    -1.43  0.1527
CSeasonal_29  U    -0.0143465    0.01193    -1.20  0.2297
CSeasonal_30  U   -0.00824436    0.01175   -0.701  0.4833
CSeasonal_31  U    -0.0255524    0.01173    -2.18  0.0298
CSeasonal_32  U    -0.0165475    0.01173    -1.41  0.1587
CSeasonal_33  U    -0.0175235    0.01192    -1.47  0.1419
CSeasonal_34  U   0.000703705    0.01192   0.0590  0.9529
CSeasonal_35  U    -0.0167056    0.01173    -1.42  0.1549
CSeasonal_36  U    -0.0152897    0.01192    -1.28  0.1999
CSeasonal_37  U   -0.00657092    0.01194   -0.550  0.5822
CSeasonal_38  U   -0.00506573    0.01191   -0.425  0.6707
CSeasonal_39  U    -0.0105176    0.01172   -0.898  0.3697
CSeasonal_40  U    -0.0174920    0.01248    -1.40  0.1615
CSeasonal_41  U    -0.0118782    0.01220   -0.974  0.3304
CSeasonal_42  U   -0.00353595    0.01199   -0.295  0.7681
CSeasonal_43  U   -0.00390432    0.01218   -0.321  0.7486
CSeasonal_44  U   -0.00637853    0.01218   -0.524  0.6007
CSeasonal_45  U    0.00345481    0.01244    0.278  0.7814
CSeasonal_46  U     0.0119875    0.01215    0.986  0.3244
CSeasonal_47  U   -0.00925410    0.01192   -0.776  0.4379
CSeasonal_48  U  -0.000844058    0.01192  -0.0708  0.9436
CSeasonal_49  U    -0.0126285    0.01245    -1.01  0.3109
CSeasonal_50  U   0.000338725    0.01191   0.0284  0.9773

sigma = 0.0303431   RSS = 0.5809640139

URF equation for: D_lnCambio
                  Coefficient  Std.Error  t-value  t-prob
D_brent_1          -0.0402765    0.01763    -2.28  0.0227
D_lnCambio_1         0.159656    0.03864     4.13  0.0000
II#2008-09-07       0.0445181    0.01526     2.92  0.0037
II#2008-09-14       0.0321199    0.01523     2.11  0.0353
II#2008-09-28       0.0856785    0.01524     5.62  0.0000
II#2008-10-05        0.117938    0.01536     7.68  0.0000
II#2008-10-12      -0.0615550    0.01591    -3.87  0.0001
II#2008-10-19       0.0531496    0.01552     3.42  0.0007
II#2008-10-26      -0.0578084    0.01524    -3.79  0.0002
II#2008-11-23      -0.0363022    0.01518    -2.39  0.0171
II#2008-11-30       0.0581112    0.01513     3.84  0.0001
II#2008-12-21      0.00126902    0.01513   0.0839  0.9332
II#2008-12-28     -0.00687279    0.01525   -0.451  0.6523
II#2009-01-11       0.0435291    0.01528     2.85  0.0045
II#2009-02-15       0.0272490    0.01520     1.79  0.0735
II#2009-02-22       0.0128870    0.01521    0.848  0.3970
II#2009-05-03      -0.0302562    0.01508    -2.01  0.0453
II#2009-08-02      -0.0332691    0.01509    -2.20  0.0278
II#2009-09-06      -0.0368098    0.01523    -2.42  0.0160
II#2015-01-04      0.00218781    0.01521    0.144  0.8857
II#2015-02-01       0.0531149    0.01513     3.51  0.0005
II#2015-03-08       0.0513403    0.01522     3.37  0.0008
II#2015-08-30       0.0338365    0.01522     2.22  0.0266
II#2015-09-20       0.0497269    0.01513     3.29  0.0011
II#2015-12-06      -0.0195837    0.01510    -1.30  0.1951
II#2016-01-10     -0.00602965    0.01518   -0.397  0.6913
II#2016-01-24     -0.00296504    0.01516   -0.196  0.8450
II#2016-02-07       0.0113679    0.01523    0.747  0.4556
II#2016-03-06      -0.0452415    0.01522    -2.97  0.0031
II#2016-08-14       0.0189872    0.01513     1.25  0.2100
II#2018-10-07      -0.0446862    0.01514    -2.95  0.0033
II#2018-12-30      -0.0292505    0.01524    -1.92  0.0553
Constant      U   1.45770e-05  0.0005573   0.0262  0.9791
CSeasonal     U    0.00275956   0.005723    0.482  0.6299
CSeasonal_1   U   0.000579878   0.005721    0.101  0.9193
CSeasonal_2   U     0.0100020   0.005628     1.78  0.0760
CSeasonal_3   U    0.00528739   0.005602    0.944  0.3456
CSeasonal_4   U     0.0113970   0.005715     1.99  0.0465
CSeasonal_5   U     0.0126377   0.005604     2.26  0.0245
CSeasonal_6   U     0.0100726   0.005609     1.80  0.0730
CSeasonal_7   U     0.0122325   0.005600     2.18  0.0293
CSeasonal_8   U    0.00924357   0.005598     1.65  0.0992
CSeasonal_9   U     0.0118870   0.005602     2.12  0.0342
CSeasonal_10  U   0.000326649   0.005602   0.0583  0.9535
CSeasonal_11  U    0.00886352   0.005622     1.58  0.1154
CSeasonal_12  U    0.00441651   0.005619    0.786  0.4322
CSeasonal_13  U    0.00561609   0.005613     1.00  0.3174
CSeasonal_14  U     0.0114089   0.005612     2.03  0.0425
CSeasonal_15  U    0.00253338   0.005605    0.452  0.6514
CSeasonal_16  U    0.00345530   0.005618    0.615  0.5388
CSeasonal_17  U     0.0137048   0.005726     2.39  0.0170
CSeasonal_18  U     0.0183651   0.005605     3.28  0.0011
CSeasonal_19  U    0.00537231   0.005617    0.956  0.3393
CSeasonal_20  U     0.0118371   0.005705     2.08  0.0384
CSeasonal_21  U     0.0106459   0.005601     1.90  0.0578
CSeasonal_22  U     0.0106753   0.005963     1.79  0.0739
CSeasonal_23  U    0.00695619   0.005702     1.22  0.2230
CSeasonal_24  U     0.0122130   0.005606     2.18  0.0297
CSeasonal_25  U    0.00230901   0.005832    0.396  0.6923
CSeasonal_26  U    0.00447796   0.005717    0.783  0.4338
CSeasonal_27  U   -0.00706593   0.005712    -1.24  0.2166
CSeasonal_28  U     0.0142895   0.005869     2.43  0.0152
CSeasonal_29  U    0.00684665   0.005715     1.20  0.2314
CSeasonal_30  U    0.00438225   0.005630    0.778  0.4367
CSeasonal_31  U     0.0191195   0.005619     3.40  0.0007
CSeasonal_32  U     0.0183749   0.005617     3.27  0.0011
CSeasonal_33  U     0.0143099   0.005708     2.51  0.0124
CSeasonal_34  U  -2.63966e-05   0.005710 -0.00462  0.9963
CSeasonal_35  U     0.0159872   0.005619     2.84  0.0046
CSeasonal_36  U     0.0109394   0.005708     1.92  0.0558
CSeasonal_37  U     0.0110241   0.005718     1.93  0.0543
CSeasonal_38  U    0.00289324   0.005705    0.507  0.6122
CSeasonal_39  U   0.000635690   0.005613    0.113  0.9099
CSeasonal_40  U     0.0104502   0.005978     1.75  0.0809
CSeasonal_41  U    0.00323866   0.005841    0.554  0.5795
CSeasonal_42  U    0.00574512   0.005742     1.00  0.3174
CSeasonal_43  U    0.00338732   0.005833    0.581  0.5617
CSeasonal_44  U   0.000366608   0.005835   0.0628  0.9499
CSeasonal_45  U    0.00912993   0.005961     1.53  0.1261
CSeasonal_46  U    0.00553939   0.005822    0.951  0.3418
CSeasonal_47  U    0.00812053   0.005711     1.42  0.1555
CSeasonal_48  U    0.00744741   0.005708     1.30  0.1925
CSeasonal_49  U     0.0116627   0.005964     1.96  0.0510
CSeasonal_50  U     0.0134473   0.005705     2.36  0.0187

sigma = 0.0145343   RSS = 0.1332966907

log-likelihood     3631.01603  -T/2log|Omega|     5660.09813
|Omega|        1.33063108e-07  log|Y'Y/T|        -15.0335039
R^2(LR)              0.550194  R^2(LM)              0.329175
no. of observations       715  no. of parameters         168

F-test on regressors except unrestricted: F(64,1260) = 9.66721 [0.0000] **
F-tests on retained regressors, F(2,630) =
   D_brent_1       27.5477 [0.000]**D_lnCambio_1       11.3780 [0.000]**
II#2008-09-07       4.50059 [0.011]* II#2008-09-14       2.33242 [0.098]  
II#2008-09-28       17.9583 [0.000]**II#2008-10-05       30.1368 [0.000]**
II#2008-10-12       23.1367 [0.000]**II#2008-10-19       5.99432 [0.003]**
II#2008-10-26       10.4641 [0.000]**II#2008-11-23       4.00382 [0.019]* 
II#2008-11-30       21.9247 [0.000]**II#2008-12-21       9.01215 [0.000]**
II#2008-12-28       8.83778 [0.000]**II#2009-01-11       4.46705 [0.012]* 
II#2009-02-15       4.21694 [0.015]* II#2009-02-22       2.97462 [0.052]  
II#2009-05-03       4.83030 [0.008]**II#2009-08-02       3.27854 [0.038]* 
II#2009-09-06       2.95221 [0.053]  II#2015-01-04       4.39426 [0.013]* 
II#2015-02-01       19.7527 [0.000]**II#2015-03-08       5.87481 [0.003]**
II#2015-08-30       15.9987 [0.000]**II#2015-09-20       7.23864 [0.001]**
II#2015-12-06       5.71931 [0.003]**II#2016-01-10       9.03152 [0.000]**
II#2016-01-24       7.53356 [0.001]**II#2016-02-07       5.06315 [0.007]**
II#2016-03-06       5.21095 [0.006]**II#2016-08-14       6.62634 [0.001]**
II#2018-10-07       6.47576 [0.002]**II#2018-12-30       4.16745 [0.016]* 
    Constant U    0.190695 [0.826]     CSeasonal U    0.176042 [0.839]  
 CSeasonal_1 U    0.195999 [0.822]   CSeasonal_2 U     1.99527 [0.137]  
 CSeasonal_3 U    0.585039 [0.557]   CSeasonal_4 U     2.03233 [0.132]  
 CSeasonal_5 U     2.99991 [0.051]   CSeasonal_6 U     1.83553 [0.160]  
 CSeasonal_7 U     2.81805 [0.060]   CSeasonal_8 U     1.36091 [0.257]  
 CSeasonal_9 U     2.25783 [0.105]  CSeasonal_10 U  0.00536613 [0.995]  
CSeasonal_11 U     2.07558 [0.126]  CSeasonal_12 U    0.309168 [0.734]  
CSeasonal_13 U    0.519327 [0.595]  CSeasonal_14 U     2.12489 [0.120]  
CSeasonal_15 U    0.187111 [0.829]  CSeasonal_16 U    0.417025 [0.659]  
CSeasonal_17 U     2.96495 [0.052]  CSeasonal_18 U     6.06436 [0.002]**
CSeasonal_19 U    0.639563 [0.528]  CSeasonal_20 U     2.48440 [0.084]  
CSeasonal_21 U     2.14883 [0.117]  CSeasonal_22 U     1.70596 [0.182]  
CSeasonal_23 U    0.836944 [0.434]  CSeasonal_24 U     2.44941 [0.087]  
CSeasonal_25 U    0.670011 [0.512]  CSeasonal_26 U    0.411166 [0.663]  
CSeasonal_27 U     1.28993 [0.276]  CSeasonal_28 U     3.15269 [0.043]* 
CSeasonal_29 U     1.06631 [0.345]  CSeasonal_30 U    0.407502 [0.665]  
CSeasonal_31 U     6.33832 [0.002]**CSeasonal_32 U     5.38406 [0.005]**
CSeasonal_33 U     3.33986 [0.036]* CSeasonal_34 U  0.00188430 [0.998]  
CSeasonal_35 U     4.14661 [0.016]* CSeasonal_36 U     2.04831 [0.130]  
CSeasonal_37 U     1.86374 [0.156]  CSeasonal_38 U    0.163483 [0.849]  
CSeasonal_39 U    0.424894 [0.654]  CSeasonal_40 U     1.88204 [0.153]  
CSeasonal_41 U    0.499815 [0.607]  CSeasonal_42 U    0.501462 [0.606]  
CSeasonal_43 U    0.176265 [0.838]  CSeasonal_44 U    0.145031 [0.865]  
CSeasonal_45 U     1.54571 [0.214]  CSeasonal_46 U     1.43908 [0.238]  
CSeasonal_47 U     1.05402 [0.349]  CSeasonal_48 U    0.933545 [0.394]  
CSeasonal_49 U     1.97174 [0.140]  CSeasonal_50 U     3.18466 [0.042]* 

correlation of URF residuals (standard deviations on diagonal)
                   D_brent   D_lnCambio
D_brent           0.030343     -0.34869
D_lnCambio        -0.34869     0.014534
correlation between actual and fitted
      D_brent   D_lnCambio
      0.62478      0.62598

Single equation statistics
                   mean(Y)        se(Y)        sigma          R^2
D_brent         5.4909e-05     0.036533     0.030343      0.39034
D_lnCambio      0.00055022     0.017521     0.014534      0.39185

Vector AR 1-7 test:      F(28,1232)=   1.0724 [0.3642]  
Vector Normality test:   Chi^2(4)  =   19.691 [0.0006]**
Vector Hetero test:      F(165,1880)=   1.2024 [0.0466]* 
Vector Chow test:        F(428,832)=   1.1069 [0.1108]   for break after 2014-11-23


---------- Autometrics: dimensions of initial GUM ----------
no. of observations       715  no. of parameters         168
no. free regressors (k1)   32  no. free components (k2)    0
no. of equations            2  no. diagnostic tests        4

Fixed regressors:  Constant CSeasonal CSeasonal_1 ... CSeasonal_50

[0.2] Presearch reduction of initial GUM

Starting closed lag reduction at 0.00315
Removing lags(#regressors): none

Starting common lag reduction at 0.00315
Removing lags(#regressors): none

Starting common lag reduction at 0.00315 (excluding lagged y's)
Removing lags(#regressors): none

Presearch reduction in opposite order

Starting common lag reduction at 0.00315 (excluding lagged y's)
Removing lags(#regressors): none

Starting common lag reduction at 0.00315
Removing lags(#regressors): none

Starting closed lag reduction at 0.00315
Removing lags(#regressors): none

Encompassing test against initial GUM (iGUM) removes: none

Presearch reduction: none removed

[0.3] Testing GUM 0 at 0.00315479:  LRF(64) [0.0000] kept

[1.0] Start of Autometrics tree search

Searching from GUM 0  k=  32 loglik=     3631.02
Found new terminal 1  k=  27 loglik=     3613.41 SC=   -8.6551
Found new terminal 2  k=  27 loglik=     3611.35 SC=   -8.6493
Found new terminal 3  k=  28 loglik=     3613.58 SC=   -8.6372
Found new terminal 4  k=  28 loglik=     3614.03 SC=   -8.6385
Found new terminal 5  k=  29 loglik=     3616.18 SC=   -8.6261
Found new terminal 6  k=  27 loglik=     3611.63 SC=   -8.6501
Found new terminal 7  k=  28 loglik=     3614.97 SC=   -8.6411
Found new terminal 8  k=  28 loglik=     3614.53 SC=   -8.6399
Found new terminal 9  k=  28 loglik=     3614.21 SC=   -8.6390
Found new terminal 10 k=  28 loglik=     3613.67 SC=   -8.6374

Searching for contrasting terminals in terminal paths

Encompassing test against GUM 0 removes: none

p-values in GUM 1 and saved terminal candidate model(s)
                     GUM 1  terminal 1  terminal 2  terminal 3  terminal 4  terminal 5  terminal 6  terminal 7  terminal 8  terminal 9 terminal 10
D_brent_1       0.00000000  0.00000000  0.00000000  0.00000000  0.00000000  0.00000000  0.00000000  0.00000000  0.00000000  0.00000000  0.00000000
D_lnCambio_1    0.00000573  0.00000506  0.00001024  0.00000674  0.00000291  0.00000791  0.00000203  0.00003837  0.00000295  0.00001137  0.00000520
II#2008-09-07   0.01280866  0.00691205  0.00642097           .  0.01316753  0.01432101  0.00797078  0.00741012  0.00702326  0.00650903  0.00697653
II#2008-09-28   0.00000002  0.00000004  0.00000006  0.00000004  0.00000003  0.00000003  0.00000004  0.00000003  0.00000003  0.00000003  0.00000008
II#2008-10-05   0.00000000  0.00000000  0.00000000  0.00000000  0.00000000  0.00000000  0.00000000  0.00000000  0.00000000  0.00000000  0.00000000
II#2008-10-12   0.00000000  0.00000000  0.00000000  0.00000000  0.00000000  0.00000000  0.00000000  0.00000000  0.00000000  0.00000000  0.00000000
II#2008-10-19   0.00272841  0.00268798  0.00258256  0.00300498  0.00290633  0.00317597  0.00280713           .  0.00116873  0.00271711  0.00289833
II#2008-10-26   0.00003017  0.00003118  0.00003521  0.00003549  0.00002674  0.00003545  0.00003041  0.00003872  0.00003453  0.00004109  0.00003815
II#2008-11-23   0.01744719  0.02100036           .  0.01907680  0.01959786  0.01709345  0.01910307  0.01926473  0.01863131  0.01843843  0.01901588
II#2008-11-30   0.00000000  0.00000000  0.00000000  0.00000000  0.00000000  0.00000000  0.00000000  0.00000000  0.00000000  0.00000000  0.00000000
II#2008-12-21   0.00013404  0.00015836  0.00016525  0.00014584  0.00018847  0.00014430  0.00014431  0.00014327  0.00015657  0.00015694  0.00015218
II#2008-12-28   0.00015951  0.00021798  0.00020737  0.00015963  0.00022032  0.00016346  0.00018750  0.00018520  0.00019136  0.00020096  0.00018943
II#2009-01-11   0.01099681  0.00694332  0.00846204           .  0.01170983  0.01088568  0.01218083  0.01212620  0.01185690  0.01183381  0.01226418
II#2009-02-15   0.01511452  0.01638745           .  0.01668238  0.03161461  0.01597871  0.01599599  0.01617638  0.01517351  0.01541023  0.01519613
II#2009-02-22   0.05195947           .  0.05355457  0.05106408           .  0.05211763           .           .           .           .           .
II#2009-05-03   0.00850100  0.00928680  0.00972240  0.00944175           .  0.00917422  0.00933834  0.00875051  0.00850957  0.00876588  0.00852508
II#2009-08-02   0.03956724           .  0.04241707  0.04300730  0.04151420  0.04206863           .  0.04218671  0.03973881  0.03947122  0.03989690
II#2009-09-06   0.05151615           .           .  0.02911912  0.05180607  0.05152049           .           .           .           .           .
II#2015-01-04   0.01277849  0.00692116  0.00711298           .  0.01377652  0.01410805  0.01266247  0.01228632  0.01269573  0.01381254  0.01270323
II#2015-02-01   0.00000000  0.00000001  0.00000000  0.00000001  0.00000001  0.00000001  0.00000001  0.00000001  0.00000001  0.00000001  0.00000001
II#2015-03-08   0.00326112  0.00361376  0.00347964  0.00368068  0.00334874  0.00140903           .  0.00330593  0.00361098  0.00331000  0.00360377
II#2015-08-30   0.00000017  0.00000013  0.00000011  0.00000019  0.00000025  0.00000020  0.00000012  0.00000014  0.00000016  0.00000015  0.00000016
II#2015-09-20   0.00079690  0.00084475  0.00081083  0.00087063  0.00081302  0.00087740  0.00090961  0.00091249  0.00096649  0.00090850           .
II#2015-12-06   0.00339947  0.00338125  0.00334648  0.00361242  0.00353941           .  0.00337616  0.00345368  0.00362188  0.00399256  0.00367554
II#2016-01-10   0.00013555  0.00013537  0.00013267  0.00015072  0.00014863  0.00016455  0.00013375  0.00013390  0.00013717  0.00017083  0.00013999
II#2016-01-24   0.00056895  0.00067886  0.00069036  0.00059963  0.00075858  0.00059828  0.00061772  0.00061996  0.00065231  0.00066019  0.00063951
II#2016-02-07   0.00638111  0.00730364  0.01431277  0.00679699           .  0.00653659  0.00674979  0.00677183  0.00690786  0.00684965  0.00680626
II#2016-03-06   0.00621010  0.00642126  0.00632770  0.00707327  0.00653567           .  0.00284742  0.00703322  0.00625536  0.00604784  0.00626601
II#2016-08-14   0.00138857  0.00134885  0.00134300  0.00150222  0.00140836  0.00160166  0.00134710  0.00139214  0.00143967           .  0.00147850
II#2018-10-07   0.00171144  0.00180604  0.00167332  0.00182193  0.00180807  0.00185779  0.00195708  0.00079220           .  0.00190462  0.00208085
II#2018-12-30   0.01546962           .           .  0.00501284  0.01774260  0.01530229  0.01751173  0.01579869  0.01664507  0.01656590  0.01671763
k                       31          27          27          28          28          29          27          28          28          28          28
parameters             166         158         158         160         160         162         158         160         160         160         160
loglik              3628.4      3613.4      3611.4      3613.6      3614.0      3616.2      3611.6      3615.0      3614.5      3614.2      3613.7
AIC                -9.6850     -9.6655     -9.6597     -9.6604     -9.6616     -9.6620     -9.6605     -9.6642     -9.6630     -9.6621     -9.6606
HQ                 -9.2750     -9.2753     -9.2695     -9.2652     -9.2665     -9.2620     -9.2703     -9.2691     -9.2679     -9.2670     -9.2655
SC                 -8.6234     -8.6551     -8.6493     -8.6372     -8.6385     -8.6261     -8.6501     -8.6411     -8.6399     -8.6390     -8.6374

Searching from GUM 1  k=  31 loglik=     3628.38 LRF_GUM0( 1) [0.0979]
Recalling terminal 1  k=  27 loglik=     3613.41 SC=   -8.6551
Recalling terminal 2  k=  27 loglik=     3611.35 SC=   -8.6493
Recalling terminal 3  k=  28 loglik=     3613.58 SC=   -8.6372
Recalling terminal 4  k=  28 loglik=     3614.03 SC=   -8.6385
Recalling terminal 5  k=  29 loglik=     3616.18 SC=   -8.6261
Recalling terminal 6  k=  27 loglik=     3611.63 SC=   -8.6501
Recalling terminal 7  k=  28 loglik=     3614.97 SC=   -8.6411
Recalling terminal 8  k=  28 loglik=     3614.53 SC=   -8.6399
Recalling terminal 9  k=  28 loglik=     3614.21 SC=   -8.6390
Recalling terminal 10 k=  28 loglik=     3613.67 SC=   -8.6374
Found new terminal 11 k=  28 loglik=     3613.32 SC=   -8.6365

Searching for contrasting terminals in terminal paths
Found new terminal 12 k=  27 loglik=     3613.33 SC=   -8.6549
Found new terminal 13 k=  27 loglik=     3612.37 SC=   -8.6522
Found new terminal 14 k=  27 loglik=     3610.99 SC=   -8.6483
Found new terminal 15 k=  28 loglik=     3614.03 SC=   -8.6385
Found new terminal 16 k=  28 loglik=     3613.85 SC=   -8.6380
Found new terminal 17 k=  28 loglik=     3613.22 SC=   -8.6362
Found new terminal 18 k=  27 loglik=     3611.07 SC=   -8.6486
Found new terminal 19 k=  29 loglik=     3617.30 SC=   -8.6292
Found new terminal 20 k=  28 loglik=     3613.55 SC=   -8.6371
Maximum number of terminal candidates reached

[2.0] Selection of final model from terminal candidates: terminal 1

p-values in Final GUM and terminal model(s)
                 Final GUM  terminal 1  terminal 2  terminal 3  terminal 4  terminal 5  terminal 6  terminal 7  terminal 8  terminal 9 terminal 10 terminal 11 terminal 12 terminal 13 terminal 14 terminal 15 terminal 16 terminal 17 terminal 18 terminal 19 terminal 20
D_brent_1       0.00000000  0.00000000  0.00000000  0.00000000  0.00000000  0.00000000  0.00000000  0.00000000  0.00000000  0.00000000  0.00000000  0.00000000  0.00000000  0.00000000  0.00000000  0.00000000  0.00000000  0.00000000  0.00000000  0.00000000  0.00000000
D_lnCambio_1    0.00000573  0.00000506  0.00001024  0.00000674  0.00000291  0.00000791  0.00000203  0.00003837  0.00000295  0.00001137  0.00000520  0.00000380  0.00000529  0.00001010  0.00000919  0.00000337  0.00000331  0.00001149  0.00000664  0.00000478  0.00000395
II#2008-09-07   0.01280866  0.00691205  0.00642097           .  0.01316753  0.01432101  0.00797078  0.00741012  0.00702326  0.00650903  0.00697653  0.00649963  0.00715583  0.00664000  0.01291949           .           .  0.01289886  0.00626210  0.01515843  0.00740701
II#2008-09-28   0.00000002  0.00000004  0.00000006  0.00000004  0.00000003  0.00000003  0.00000004  0.00000003  0.00000003  0.00000003  0.00000008  0.00000003  0.00000004  0.00000006  0.00000005  0.00000004  0.00000003  0.00000004  0.00000005  0.00000003  0.00000004
II#2008-10-05   0.00000000  0.00000000  0.00000000  0.00000000  0.00000000  0.00000000  0.00000000  0.00000000  0.00000000  0.00000000  0.00000000  0.00000000  0.00000000  0.00000000  0.00000000  0.00000000  0.00000000  0.00000000  0.00000000  0.00000000  0.00000000
II#2008-10-12   0.00000000  0.00000000  0.00000000  0.00000000  0.00000000  0.00000000  0.00000000  0.00000000  0.00000000  0.00000000  0.00000000  0.00000000  0.00000000  0.00000000  0.00000000  0.00000000  0.00000000  0.00000000  0.00000000  0.00000000  0.00000000
II#2008-10-19   0.00272841  0.00268798  0.00258256  0.00300498  0.00290633  0.00317597  0.00280713           .  0.00116873  0.00271711  0.00289833  0.00267300  0.00301147  0.00260853  0.00292059  0.00301151  0.00312649  0.00274509  0.00272676  0.00320960  0.00294894
II#2008-10-26   0.00003017  0.00003118  0.00003521  0.00003549  0.00002674  0.00003545  0.00003041  0.00003872  0.00003453  0.00004109  0.00003815  0.00003084  0.00003090  0.00003534  0.00003182  0.00002771  0.00002919  0.00003735  0.00003517  0.00002881  0.00003072
II#2008-11-23   0.01744719  0.02100036           .  0.01907680  0.01959786  0.01709345  0.01910307  0.01926473  0.01863131  0.01843843  0.01901588  0.02007251  0.02023929           .           .  0.01945746  0.01751476  0.02055564  0.02329411  0.01789760  0.01996196
II#2008-11-30   0.00000000  0.00000000  0.00000000  0.00000000  0.00000000  0.00000000  0.00000000  0.00000000  0.00000000  0.00000000  0.00000000  0.00000000  0.00000000  0.00000000  0.00000000  0.00000000  0.00000000  0.00000000  0.00000000  0.00000000  0.00000000
II#2008-12-21   0.00013404  0.00015836  0.00016525  0.00014584  0.00018847  0.00014430  0.00014431  0.00014327  0.00015657  0.00015694  0.00015218  0.00018698  0.00016089  0.00015303  0.00016789  0.00015317  0.00015642  0.00015783  0.00018093  0.00014092  0.00015980
II#2008-12-28   0.00015951  0.00021798  0.00020737  0.00015963  0.00022032  0.00016346  0.00018750  0.00018520  0.00019136  0.00020096  0.00018943  0.00024110  0.00018913  0.00020182  0.00020371  0.00018632  0.00015755  0.00017501  0.00021803  0.00016346  0.00017516
II#2009-01-11   0.01099681  0.00694332  0.00846204           .  0.01170983  0.01088568  0.01218083  0.01212620  0.01185690  0.01183381  0.01226418  0.01224293  0.01259531  0.00819997  0.00785692  0.00628233  0.01307237           .           .  0.01119968  0.01247608
II#2009-02-15   0.01511452  0.01638745           .  0.01668238  0.03161461  0.01597871  0.01599599  0.01617638  0.01517351  0.01541023  0.01519613  0.01630048           .  0.01723019           .           .           .  0.01722996  0.03148702  0.01671077  0.03174428
II#2009-02-22   0.05195947           .  0.05355457  0.05106408           .  0.05211763           .           .           .           .           .           .           .  0.05293955  0.05401082  0.05406344  0.05203042  0.05090374           .  0.05157511  0.05392873
II#2009-05-03   0.00850100  0.00928680  0.00972240  0.00944175           .  0.00917422  0.00933834  0.00875051  0.00850957  0.00876588  0.00852508  0.00903276  0.00937312  0.00959099  0.01000457  0.00979444  0.00973632           .  0.00916736           .  0.00953961
II#2009-08-02   0.03956724           .  0.04241707  0.04300730  0.04151420  0.04206863           .  0.04218671  0.03973881  0.03947122  0.03989690  0.03985360           .           .           .  0.04381159  0.04387644  0.04244217  0.04075338  0.04387625  0.04300725
II#2009-09-06   0.05151615           .           .  0.02911912  0.05180607  0.05152049           .           .           .           .           .           .           .           .  0.05879568  0.02858900  0.02670733  0.05658252           .  0.05178254           .
II#2015-01-04   0.01277849  0.00692116  0.00711298           .  0.01377652  0.01410805  0.01266247  0.01228632  0.01269573  0.01381254  0.01270323  0.01331192  0.01320193  0.00691095  0.00732210  0.00732580           .           .  0.01553657  0.01359593  0.01355496
II#2015-02-01   0.00000000  0.00000001  0.00000000  0.00000001  0.00000001  0.00000001  0.00000001  0.00000001  0.00000001  0.00000001  0.00000001  0.00000001  0.00000001  0.00000000  0.00000000  0.00000000  0.00000001  0.00000001  0.00000001  0.00000000  0.00000001
II#2015-03-08   0.00326112  0.00361376  0.00347964  0.00368068  0.00334874  0.00140903           .  0.00330593  0.00361098  0.00331000  0.00360377  0.00332509  0.00354396  0.00359996  0.00351779  0.00381167  0.00368406  0.00342946  0.00333088  0.00150788  0.00144748
II#2015-08-30   0.00000017  0.00000013  0.00000011  0.00000019  0.00000025  0.00000020  0.00000012  0.00000014  0.00000016  0.00000015  0.00000016  0.00000018  0.00000013  0.00000010  0.00000017  0.00000019  0.00000020  0.00000018  0.00000015  0.00000016  0.00000012
II#2015-09-20   0.00079690  0.00084475  0.00081083  0.00087063  0.00081302  0.00087740  0.00090961  0.00091249  0.00096649  0.00090850           .  0.00086808  0.00084214  0.00082308  0.00078962  0.00081633  0.00083237  0.00082749  0.00087236  0.00081282  0.00084723
II#2015-12-06   0.00339947  0.00338125  0.00334648  0.00361242  0.00353941           .  0.00337616  0.00345368  0.00362188  0.00399256  0.00367554  0.00366033  0.00343065  0.00330570  0.00331476  0.00333826  0.00362307  0.00370873  0.00349897  0.00341059  0.00345645
II#2016-01-10   0.00013555  0.00013537  0.00013267  0.00015072  0.00014863  0.00016455  0.00013375  0.00013390  0.00013717  0.00017083  0.00013999  0.00014947  0.00013823  0.00013028  0.00013556  0.00013983  0.00015862  0.00015997  0.00013393  0.00014623  0.00014051
II#2016-01-24   0.00056895  0.00067886  0.00069036  0.00059963  0.00075858  0.00059828  0.00061772  0.00061996  0.00065231  0.00066019  0.00063951           .  0.00066407  0.00065371  0.00069512  0.00064161  0.00062458  0.00064346  0.00073827  0.00059083  0.00064922
II#2016-02-07   0.00638111  0.00730364  0.01431277  0.00679699           .  0.00653659  0.00674979  0.00677183  0.00690786  0.00684965  0.00680626  0.00785972  0.01357651  0.00741781  0.01439197  0.01320114  0.01297124  0.00723423           .  0.00666714           .
II#2016-03-06   0.00621010  0.00642126  0.00632770  0.00707327  0.00653567           .  0.00284742  0.00703322  0.00625536  0.00604784  0.00626601  0.00603112  0.00675669  0.00642421  0.00678513  0.00729871  0.00749760  0.00664952  0.00602866           .           .
II#2016-08-14   0.00138857  0.00134885  0.00134300  0.00150222  0.00140836  0.00160166  0.00134710  0.00139214  0.00143967           .  0.00147850  0.00145841  0.00137586  0.00132968  0.00133049  0.00134550  0.00150268  0.00156194  0.00138020  0.00140512  0.00139367
II#2018-10-07   0.00171144  0.00180604  0.00167332  0.00182193  0.00180807  0.00185779  0.00195708  0.00079220           .  0.00190462  0.00208085  0.00190639  0.00180563  0.00169445  0.00165377  0.00176385  0.00180500  0.00171429  0.00184505  0.00174377  0.00181605
II#2018-12-30   0.01546962           .           .  0.00501284  0.01774260  0.01530229  0.01751173  0.01579869  0.01664507  0.01656590  0.01671763  0.01827155  0.01759378           .           .           .  0.00862192  0.00541080  0.01035332  0.01610714  0.01730493
k                       31          27          27          28          28          29          27          28          28          28          28          28          27          27          27          28          28          28          27          29          28
parameters             166         158         158         160         160         162         158         160         160         160         160         160         158         158         158         160         160         160         158         162         160
loglik              3628.4      3613.4      3611.4      3613.6      3614.0      3616.2      3611.6      3615.0      3614.5      3614.2      3613.7      3613.3      3613.3      3612.4      3611.0      3614.0      3613.9      3613.2      3611.1      3617.3      3613.6
AIC                -9.6850     -9.6655     -9.6597     -9.6604     -9.6616     -9.6620     -9.6605     -9.6642     -9.6630     -9.6621     -9.6606     -9.6596     -9.6653     -9.6626     -9.6587     -9.6616     -9.6611     -9.6594     -9.6589     -9.6652     -9.6603
HQ                 -9.2750     -9.2753     -9.2695     -9.2652     -9.2665     -9.2620     -9.2703     -9.2691     -9.2679     -9.2670     -9.2655     -9.2645     -9.2751     -9.2724     -9.2685     -9.2665     -9.2660     -9.2642     -9.2687     -9.2651     -9.2652
SC                 -8.6234     -8.6551     -8.6493     -8.6372     -8.6385     -8.6261     -8.6501     -8.6411     -8.6399     -8.6390     -8.6374     -8.6365     -8.6549     -8.6522     -8.6483     -8.6385     -8.6380     -8.6362     -8.6486     -8.6292     -8.6371
                               =======

p-values of diagnostic checks for model validity
          Initial GUM     cut-off   Final GUM     cut-off Final model
AR(7)         0.36423     0.01000     0.41969     0.01000     0.35519
Normality     0.00057     0.00010     0.00098     0.00100     0.00287
Hetero        0.04663     0.01000     0.03414     0.01000     0.01221
Chow(70%)     0.11085     0.01000     0.12017     0.01000     0.10423

*** Warning: Final model failed 1 diagnostic test(s)

The final model has 18 insignificant coefficients:
Joint significance  LRF(36) [0.0000] LRF_GUM0(46) [0.0000]
II#2008-09-07       Failed backtest against GUM0
II#2008-10-19       Failed backtest against GUM0
II#2008-11-23       Failed diagnostic testing
II#2008-12-21       Failed backtest against GUM0
II#2008-12-28       Failed backtest against GUM0
II#2009-01-11       Failed backtest against GUM0
II#2009-02-15       Failed backtest against GUM0
II#2009-05-03       Failed backtest against GUM0
II#2015-01-04       Failed backtest against GUM0
II#2015-03-08       Failed backtest against GUM0
II#2015-09-20       Failed backtest against GUM0
II#2015-12-06       Failed backtest against GUM0
II#2016-01-10       Failed backtest against GUM0
II#2016-01-24       Failed backtest against GUM0
II#2016-02-07       Failed backtest against GUM0
II#2016-03-06       Failed backtest against GUM0
II#2016-08-14       Failed backtest against GUM0
II#2018-10-07       Failed backtest against GUM0

Summary of Autometrics search
initial search space     2^32  final search space       2^31
no. estimated models     1437  no. terminal models        20
test form                LR-F  target size     Minute:0.0001
large residuals            no  presearch reduction      lags
backtesting              GUM0  tie-breaker                SC
diagnostics p-value      0.01  search effort        standard
time                 32:54.34  Autometrics version       2.3

SYS( 2) Estimating the system by OLS
        The dataset is: ../export/database for ox/db_oil_withSesonal.in7
        The estimation sample is: 2005-04-24 - 2018-12-30

URF equation for: D_brent
                  Coefficient  Std.Error  t-value  t-prob
D_brent_1            0.261554    0.03675     7.12  0.0000
D_lnCambio_1        0.0613255    0.08093    0.758  0.4489
II#2008-09-07      -0.0571663    0.03203    -1.79  0.0747
II#2008-09-28       -0.123619    0.03212    -3.85  0.0001
II#2008-10-05       -0.122249    0.03235    -3.78  0.0002
II#2008-10-12       -0.130797    0.03348    -3.91  0.0001
II#2008-10-19      -0.0245949    0.03270   -0.752  0.4523
II#2008-10-26      -0.0349914    0.03212    -1.09  0.2763
II#2008-11-23       0.0707878    0.03199     2.21  0.0272
II#2008-11-30       -0.201645    0.03189    -6.32  0.0000
II#2008-12-21       -0.126524    0.03188    -3.97  0.0001
II#2008-12-28        0.128353    0.03213     3.99  0.0001
II#2009-01-11      -0.0652397    0.03211    -2.03  0.0426
II#2009-02-15      -0.0880952    0.03203    -2.75  0.0061
II#2009-05-03       0.0923228    0.03179     2.90  0.0038
II#2015-01-04      -0.0974842    0.03193    -3.05  0.0024
II#2015-02-01        0.115980    0.03189     3.64  0.0003
II#2015-03-08      -0.0561142    0.03209    -1.75  0.0808
II#2015-08-30        0.127128    0.03196     3.98  0.0001
II#2015-09-20       0.0207638    0.03189    0.651  0.5152
II#2015-12-06      -0.0784576    0.03183    -2.47  0.0140
II#2016-01-10       -0.121751    0.03199    -3.81  0.0002
II#2016-01-24        0.116767    0.03194     3.66  0.0003
II#2016-02-07       -0.100328    0.03209    -3.13  0.0019
II#2016-03-06       0.0714227    0.03209     2.23  0.0264
II#2016-08-14       0.0879367    0.03189     2.76  0.0060
II#2018-10-07      -0.0285801    0.03192   -0.895  0.3709
Constant      U   0.000988216   0.001169    0.845  0.3984
CSeasonal     U    0.00185826    0.01206    0.154  0.8776
CSeasonal_1   U   -0.00733842    0.01206   -0.609  0.5430
CSeasonal_2   U    0.00272337    0.01186    0.230  0.8185
CSeasonal_3   U   -0.00963776    0.01181   -0.816  0.4147
CSeasonal_4   U    -0.0118382    0.01205   -0.983  0.3261
CSeasonal_5   U    -0.0198122    0.01181    -1.68  0.0939
CSeasonal_6   U  -0.000175873    0.01182  -0.0149  0.9881
CSeasonal_7   U    0.00129055    0.01180    0.109  0.9130
CSeasonal_8   U   -0.00660511    0.01180   -0.560  0.5758
CSeasonal_9   U    -0.0102562    0.01181   -0.869  0.3854
CSeasonal_10  U   -0.00128994    0.01181   -0.109  0.9130
CSeasonal_11  U    -0.0207326    0.01185    -1.75  0.0806
CSeasonal_12  U   -0.00389115    0.01184   -0.329  0.7426
CSeasonal_13  U   -0.00637637    0.01183   -0.539  0.5901
CSeasonal_14  U    -0.0122719    0.01183    -1.04  0.2999
CSeasonal_15  U   -0.00652405    0.01181   -0.552  0.5810
CSeasonal_16  U    -0.0100706    0.01184   -0.850  0.3954
CSeasonal_17  U    -0.0107883    0.01185   -0.910  0.3630
CSeasonal_18  U    -0.0265510    0.01181    -2.25  0.0250
CSeasonal_19  U    0.00243944    0.01184    0.206  0.8368
CSeasonal_20  U    -0.0178385    0.01202    -1.48  0.1384
CSeasonal_21  U    -0.0169910    0.01181    -1.44  0.1506
CSeasonal_22  U    -0.0103656    0.01229   -0.844  0.3991
CSeasonal_23  U    -0.0126748    0.01180    -1.07  0.2833
CSeasonal_24  U    -0.0134352    0.01182    -1.14  0.2559
CSeasonal_25  U    -0.0143698    0.01229    -1.17  0.2428
CSeasonal_26  U    0.00165791    0.01205    0.138  0.8906
CSeasonal_27  U     0.0165816    0.01204     1.38  0.1689
CSeasonal_28  U    -0.0174036    0.01237    -1.41  0.1598
CSeasonal_29  U    -0.0145290    0.01205    -1.21  0.2282
CSeasonal_30  U   -0.00850674    0.01187   -0.717  0.4737
CSeasonal_31  U    -0.0257228    0.01184    -2.17  0.0302
CSeasonal_32  U    -0.0168479    0.01184    -1.42  0.1551
CSeasonal_33  U    -0.0177002    0.01203    -1.47  0.1417
CSeasonal_34  U   0.000485537    0.01203   0.0403  0.9678
CSeasonal_35  U    -0.0169145    0.01184    -1.43  0.1538
CSeasonal_36  U    -0.0154825    0.01203    -1.29  0.1986
CSeasonal_37  U   -0.00686403    0.01205   -0.570  0.5692
CSeasonal_38  U   -0.00519916    0.01202   -0.432  0.6656
CSeasonal_39  U    -0.0105390    0.01183   -0.891  0.3733
CSeasonal_40  U    -0.0105191    0.01232   -0.854  0.3934
CSeasonal_41  U    -0.0121866    0.01231   -0.990  0.3226
CSeasonal_42  U   -0.00387844    0.01210   -0.320  0.7487
CSeasonal_43  U   -0.00400136    0.01229   -0.325  0.7449
CSeasonal_44  U   -0.00637041    0.01230   -0.518  0.6046
CSeasonal_45  U    0.00348693    0.01256    0.278  0.7814
CSeasonal_46  U     0.0164028    0.01202     1.36  0.1730
CSeasonal_47  U   -0.00908405    0.01204   -0.755  0.4507
CSeasonal_48  U  -0.000899472    0.01203  -0.0748  0.9404
CSeasonal_49  U    -0.0127034    0.01257    -1.01  0.3126
CSeasonal_50  U   0.000220544    0.01202   0.0183  0.9854

sigma = 0.0306345   RSS = 0.5968675246

URF equation for: D_lnCambio
                  Coefficient  Std.Error  t-value  t-prob
D_brent_1          -0.0387635    0.01763    -2.20  0.0283
D_lnCambio_1         0.168211    0.03884     4.33  0.0000
II#2008-09-07       0.0474106    0.01537     3.08  0.0021
II#2008-09-28       0.0856769    0.01542     5.56  0.0000
II#2008-10-05        0.117450    0.01553     7.57  0.0000
II#2008-10-12      -0.0624824    0.01607    -3.89  0.0001
II#2008-10-19       0.0536971    0.01569     3.42  0.0007
II#2008-10-26      -0.0582002    0.01541    -3.78  0.0002
II#2008-11-23      -0.0365457    0.01535    -2.38  0.0176
II#2008-11-30       0.0582586    0.01530     3.81  0.0002
II#2008-12-21      0.00150357    0.01530   0.0983  0.9217
II#2008-12-28     -0.00664818    0.01542   -0.431  0.6665
II#2009-01-11       0.0461854    0.01541     3.00  0.0028
II#2009-02-15       0.0274055    0.01537     1.78  0.0751
II#2009-05-03      -0.0302290    0.01526    -1.98  0.0480
II#2015-01-04      0.00465871    0.01532    0.304  0.7612
II#2015-02-01       0.0530503    0.01530     3.47  0.0006
II#2015-03-08       0.0510884    0.01540     3.32  0.0010
II#2015-08-30       0.0367494    0.01534     2.40  0.0169
II#2015-09-20       0.0496869    0.01530     3.25  0.0012
II#2015-12-06      -0.0196709    0.01527    -1.29  0.1982
II#2016-01-10     -0.00624786    0.01535   -0.407  0.6842
II#2016-01-24     -0.00307095    0.01533   -0.200  0.8413
II#2016-02-07       0.0116024    0.01540    0.753  0.4515
II#2016-03-06      -0.0451978    0.01540    -2.94  0.0035
II#2016-08-14       0.0191653    0.01530     1.25  0.2109
II#2018-10-07      -0.0445468    0.01532    -2.91  0.0038
Constant      U  -7.73309e-05  0.0005612   -0.138  0.8904
CSeasonal     U    0.00287090   0.005789    0.496  0.6201
CSeasonal_1   U   0.000684273   0.005787    0.118  0.9059
CSeasonal_2   U     0.0101308   0.005692     1.78  0.0756
CSeasonal_3   U    0.00533043   0.005666    0.941  0.3472
CSeasonal_4   U     0.0114838   0.005780     1.99  0.0474
CSeasonal_5   U     0.0126917   0.005668     2.24  0.0255
CSeasonal_6   U     0.0101139   0.005674     1.78  0.0751
CSeasonal_7   U     0.0122610   0.005664     2.16  0.0308
CSeasonal_8   U    0.00925257   0.005663     1.63  0.1028
CSeasonal_9   U     0.0119314   0.005666     2.11  0.0356
CSeasonal_10  U   0.000358629   0.005666   0.0633  0.9496
CSeasonal_11  U    0.00897759   0.005686     1.58  0.1148
CSeasonal_12  U    0.00450255   0.005683    0.792  0.4285
CSeasonal_13  U    0.00570617   0.005677     1.01  0.3153
CSeasonal_14  U     0.0114957   0.005676     2.03  0.0433
CSeasonal_15  U    0.00257917   0.005669    0.455  0.6493
CSeasonal_16  U    0.00356014   0.005683    0.626  0.5312
CSeasonal_17  U     0.0114418   0.005687     2.01  0.0446
CSeasonal_18  U     0.0184130   0.005669     3.25  0.0012
CSeasonal_19  U    0.00537243   0.005681    0.946  0.3447
CSeasonal_20  U     0.0118804   0.005770     2.06  0.0399
CSeasonal_21  U     0.0106709   0.005666     1.88  0.0601
CSeasonal_22  U    0.00767951   0.005895     1.30  0.1932
CSeasonal_23  U    0.00925784   0.005664     1.63  0.1026
CSeasonal_24  U     0.0122640   0.005670     2.16  0.0309
CSeasonal_25  U    0.00234534   0.005899    0.398  0.6911
CSeasonal_26  U    0.00455718   0.005782    0.788  0.4309
CSeasonal_27  U   -0.00698526   0.005778    -1.21  0.2271
CSeasonal_28  U     0.0144391   0.005935     2.43  0.0152
CSeasonal_29  U    0.00692591   0.005781     1.20  0.2313
CSeasonal_30  U    0.00450102   0.005695    0.790  0.4296
CSeasonal_31  U     0.0192224   0.005684     3.38  0.0008
CSeasonal_32  U     0.0183767   0.005681     3.23  0.0013
CSeasonal_33  U     0.0143016   0.005773     2.48  0.0135
CSeasonal_34  U  -1.54713e-05   0.005775 -0.00268  0.9979
CSeasonal_35  U     0.0160848   0.005684     2.83  0.0048
CSeasonal_36  U     0.0109592   0.005773     1.90  0.0581
CSeasonal_37  U     0.0110673   0.005784     1.91  0.0561
CSeasonal_38  U    0.00292285   0.005770    0.507  0.6127
CSeasonal_39  U   0.000724150   0.005677    0.128  0.8985
CSeasonal_40  U    0.00813180   0.005911     1.38  0.1694
CSeasonal_41  U    0.00331409   0.005908    0.561  0.5750
CSeasonal_42  U    0.00586947   0.005807     1.01  0.3125
CSeasonal_43  U    0.00347921   0.005900    0.590  0.5556
CSeasonal_44  U   0.000460752   0.005901   0.0781  0.9378
CSeasonal_45  U    0.00918538   0.006029     1.52  0.1281
CSeasonal_46  U    0.00657087   0.005770     1.14  0.2552
CSeasonal_47  U    0.00815640   0.005776     1.41  0.1584
CSeasonal_48  U    0.00751256   0.005774     1.30  0.1937
CSeasonal_49  U     0.0117383   0.006032     1.95  0.0521
CSeasonal_50  U     0.0134825   0.005770     2.34  0.0198

sigma = 0.014701   RSS = 0.1374515214

log-likelihood     3613.40821  -T/2log|Omega|     5642.49032
|Omega|        1.39780892e-07  log|Y'Y/T|        -15.0335039
R^2(LR)              0.527485  R^2(LM)              0.312436
no. of observations       715  no. of parameters         158

F-test on regressors except unrestricted: F(54,1270) = 10.6953 [0.0000] **
F-tests on retained regressors, F(2,635) =
   D_brent_1       25.3639 [0.000]**D_lnCambio_1       12.4304 [0.000]**
II#2008-09-07       5.01366 [0.007]**II#2008-09-28       17.3866 [0.000]**
II#2008-10-05       29.2174 [0.000]**II#2008-10-12       23.6639 [0.000]**
II#2008-10-19       5.97448 [0.003]**II#2008-10-26       10.5470 [0.000]**
II#2008-11-23       3.88681 [0.021]* II#2008-11-30       21.3146 [0.000]**
II#2008-12-21       8.87237 [0.000]**II#2008-12-28       8.54406 [0.000]**
II#2009-01-11       5.00908 [0.007]**II#2009-02-15       4.13797 [0.016]* 
II#2009-05-03       4.71381 [0.009]**II#2015-01-04       5.01232 [0.007]**
II#2015-02-01       19.6556 [0.000]**II#2015-03-08       5.67309 [0.004]**
II#2015-08-30       16.2795 [0.000]**II#2015-09-20       7.15591 [0.001]**
II#2015-12-06       5.74079 [0.003]**II#2016-01-10       9.03365 [0.000]**
II#2016-01-24       7.37955 [0.001]**II#2016-02-07       4.95769 [0.007]**
II#2016-03-06       5.08849 [0.006]**II#2016-08-14       6.67776 [0.001]**
II#2018-10-07       6.37987 [0.002]**    Constant U    0.372191 [0.689]  
   CSeasonal U    0.186017 [0.830]   CSeasonal_1 U    0.190660 [0.826]  
 CSeasonal_2 U     2.01390 [0.134]   CSeasonal_3 U    0.572980 [0.564]  
 CSeasonal_4 U     2.01204 [0.135]   CSeasonal_5 U     2.94018 [0.054]  
 CSeasonal_6 U     1.81051 [0.164]   CSeasonal_7 U     2.79012 [0.062]  
 CSeasonal_8 U     1.33323 [0.264]   CSeasonal_9 U     2.22093 [0.109]  
CSeasonal_10 U  0.00629068 [0.994]  CSeasonal_11 U     2.04641 [0.130]  
CSeasonal_12 U    0.314453 [0.730]  CSeasonal_13 U    0.522433 [0.593]  
CSeasonal_14 U     2.10263 [0.123]  CSeasonal_15 U    0.189997 [0.827]  
CSeasonal_16 U    0.420127 [0.657]  CSeasonal_17 U     2.04108 [0.131]  
CSeasonal_18 U     5.93587 [0.003]**CSeasonal_19 U    0.617068 [0.540]  
CSeasonal_20 U     2.43379 [0.089]  CSeasonal_21 U     2.10432 [0.123]  
CSeasonal_22 U    0.928083 [0.396]  CSeasonal_23 U     1.46967 [0.231]  
CSeasonal_24 U     2.40992 [0.091]  CSeasonal_25 U    0.682516 [0.506]  
CSeasonal_26 U    0.411484 [0.663]  CSeasonal_27 U     1.23938 [0.290]  
CSeasonal_28 U     3.11838 [0.045]* CSeasonal_29 U     1.06158 [0.347]  
CSeasonal_30 U    0.419327 [0.658]  CSeasonal_31 U     6.23553 [0.002]**
CSeasonal_32 U     5.26350 [0.005]**CSeasonal_33 U     3.25767 [0.039]* 
CSeasonal_34 U 0.000892476 [0.999]  CSeasonal_35 U     4.09524 [0.017]* 
CSeasonal_36 U     2.00873 [0.135]  CSeasonal_37 U     1.83593 [0.160]  
CSeasonal_38 U    0.164040 [0.849]  CSeasonal_39 U    0.417461 [0.659]  
CSeasonal_40 U     1.01897 [0.362]  CSeasonal_41 U    0.513313 [0.599]  
CSeasonal_42 U    0.511012 [0.600]  CSeasonal_43 U    0.181003 [0.834]  
CSeasonal_44 U    0.140642 [0.869]  CSeasonal_45 U     1.54869 [0.213]  
CSeasonal_46 U     2.44923 [0.087]  CSeasonal_47 U     1.03061 [0.357]  
CSeasonal_48 U    0.933479 [0.394]  CSeasonal_49 U     1.94594 [0.144]  
CSeasonal_50 U     3.14687 [0.044]* 

correlation of URF residuals (standard deviations on diagonal)
                   D_brent   D_lnCambio
D_brent           0.030634     -0.35913
D_lnCambio        -0.35913     0.014701
correlation between actual and fitted
      D_brent   D_lnCambio
      0.61127      0.61065

Single equation statistics
                   mean(Y)        se(Y)        sigma          R^2
D_brent         5.4909e-05     0.036533     0.030634      0.37366
D_lnCambio      0.00055022     0.017521     0.014701      0.37289

Single-equation diagnostics using reduced-form residuals:
                               AR 1-7            ARCH 1-7           Normality              Hetero   
D_brent                 1.10 [0.3642]       2.62 [0.0112]*      6.52 [0.0384]*      1.37 [0.0443]*  
D_lnCambio              1.09 [0.3670]       3.06 [0.0036]**    12.42 [0.0020]**     1.74 [0.0011]** 

Vector AR 1-7 test:      F(28,1242)=   1.0793 [0.3552]  
Vector Normality test:   Chi^2(4)  =   16.111 [0.0029]**
Vector Hetero test:      F(165,1895)=   1.2790 [0.0122]* 
Vector RESET23 test:     F(8,1262) =   3.0466 [0.0021]**
Processo H iniciado
Processo U iniciado
Processo U finalizado
Processo Extracao da matriz de saturacao (IIS)
Processo AlphaBeta iniciado
Processo B iniciado
*** Fim da estimacao dos modelos de macrovariaveis *** 
